<html>
<body>
<pre>
<h1>礦ision Build Log</h1>
<h2>Tool Versions:</h2>
IDE-Version: μVision V5.24.2.0
Copyright (C) 2017 ARM Ltd and ARM Germany GmbH. All rights reserved.
License Information: you a, GDUT, LIC=21E4T-RRAT6-VETHA-1ZHMQ-E3BTI-I5M57
 
Tool Versions:
Toolchain:       MDK-ARM Plus  Version: 5.24.1
Toolchain Path:  D:\Keil_v5\ARM\ARMCC\Bin
C Compiler:      Armcc.exe V5.06 update 5 (build 528)
Assembler:       Armasm.exe V5.06 update 5 (build 528)
Linker/Locator:  ArmLink.exe V5.06 update 5 (build 528)
Library Manager: ArmAr.exe V5.06 update 5 (build 528)
Hex Converter:   FromElf.exe V5.06 update 5 (build 528)
CPU DLL:         SARMCM3.DLL V5.24.1
Dialog DLL:      DCM.DLL V1.16.0.0
Target DLL:      STLink\ST-LINKIII-KEIL_SWO.dll V3.0.1.0
Dialog DLL:      TCM.DLL V1.32.0.0
 
<h2>Project:</h2>
D:\desktop\10期项目设计课2程序源码\吴嘉的\OmniChassis\project.uvprojx
Project File Date:  05/16/2025

<h2>Output:</h2>
*** Using Compiler 'V5.06 update 5 (build 528)', folder: 'D:\Keil_v5\ARM\ARMCC\Bin'
Rebuild target 'Target 1'
compiling system_stm32f10x.c...
assembling startup_stm32f10x_hd.s...
compiling stm32f10x_crc.c...
compiling stm32f10x_flash.c...
compiling stm32f10x_dbgmcu.c...
compiling core_cm3.c...
compiling stm32f10x_dac.c...
compiling stm32f10x_exti.c...
compiling stm32f10x_bkp.c...
compiling misc.c...
compiling stm32f10x_dma.c...
compiling stm32f10x_cec.c...
compiling stm32f10x_adc.c...
compiling stm32f10x_gpio.c...
compiling stm32f10x_fsmc.c...
compiling stm32f10x_can.c...
compiling stm32f10x_i2c.c...
compiling stm32f10x_iwdg.c...
compiling stm32f10x_pwr.c...
compiling stm32f10x_rcc.c...
compiling stm32f10x_rtc.c...
compiling stm32f10x_sdio.c...
compiling stm32f10x_spi.c...
compiling stm32f10x_usart.c...
compiling OLED_Demo.c...
compiling stm32f10x_tim.c...
compiling stm32f10x_wwdg.c...
compiling Delay_z.c...
compiling PS2_Demo.c...
compiling OLED.c...
compiling UART_Demo_z.c...
compiling PS2.c...
compiling VL5300_Demo.c...
compiling UART_z.c...
compiling VL5300.c...
compiling VI530x_Algorithm.c...
compiling VI530x_API.c...
compiling VI530x_Firmware.c...
compiling main.c...
compiling VI530x_System_Data.c...
compiling stm32f10x_it.c...
compiling Chassis.c...
compiling PID.c...
compiling bsp_ChassisEncoder.c...
compiling bsp_motorTIM.c...
compiling Servo.c...
linking...
Program Size: Code=17606 RO-data=10170 RW-data=116 ZI-data=2036  
".\Objects\project.axf" - 0 Error(s), 0 Warning(s).

<h2>Software Packages used:</h2>

Package Vendor: Keil
                http://www.keil.com/pack/Keil.STM32F1xx_DFP.2.2.0.pack
                Keil.STM32F1xx_DFP.2.2.0
                STMicroelectronics STM32F1 Series Device Support, Drivers and Examples

<h2>Collection of Component include folders:</h2>
  .\RTE\_Target_1
  D:\Keil_v5\ARM\PACK\Keil\STM32F1xx_DFP\2.2.0\Device\Include

<h2>Collection of Component Files used:</h2>
Build Time Elapsed:  00:00:02
</pre>
</body>
</html>
