Component: ARM Compiler 5.06 update 5 (build 528) Tool: armlink [4d35e2]

==============================================================================

Section Cross References

    system_stm32f10x.o(i.SetSysClock) refers to system_stm32f10x.o(i.SetSysClockTo72) for SetSysClockTo72
    system_stm32f10x.o(i.SystemCoreClockUpdate) refers to system_stm32f10x.o(.data) for SystemCoreClock
    system_stm32f10x.o(i.SystemInit) refers to system_stm32f10x.o(i.SetSysClock) for SetSysClock
    startup_stm32f10x_hd.o(RESET) refers to startup_stm32f10x_hd.o(STACK) for __initial_sp
    startup_stm32f10x_hd.o(RESET) refers to startup_stm32f10x_hd.o(.text) for Reset_Handler
    startup_stm32f10x_hd.o(RESET) refers to stm32f10x_it.o(i.NMI_Handler) for NMI_Handler
    startup_stm32f10x_hd.o(RESET) refers to stm32f10x_it.o(i.HardFault_Handler) for HardFault_Handler
    startup_stm32f10x_hd.o(RESET) refers to stm32f10x_it.o(i.MemManage_Handler) for MemManage_Handler
    startup_stm32f10x_hd.o(RESET) refers to stm32f10x_it.o(i.BusFault_Handler) for BusFault_Handler
    startup_stm32f10x_hd.o(RESET) refers to stm32f10x_it.o(i.UsageFault_Handler) for UsageFault_Handler
    startup_stm32f10x_hd.o(RESET) refers to stm32f10x_it.o(i.SVC_Handler) for SVC_Handler
    startup_stm32f10x_hd.o(RESET) refers to stm32f10x_it.o(i.DebugMon_Handler) for DebugMon_Handler
    startup_stm32f10x_hd.o(RESET) refers to stm32f10x_it.o(i.PendSV_Handler) for PendSV_Handler
    startup_stm32f10x_hd.o(RESET) refers to stm32f10x_it.o(i.SysTick_Handler) for SysTick_Handler
    startup_stm32f10x_hd.o(RESET) refers to uart_z.o(i.UART5_IRQHandler) for UART5_IRQHandler
    startup_stm32f10x_hd.o(RESET) refers to chassis.o(i.TIM6_IRQHandler) for TIM6_IRQHandler
    startup_stm32f10x_hd.o(.text) refers to system_stm32f10x.o(i.SystemInit) for SystemInit
    startup_stm32f10x_hd.o(.text) refers to entry.o(.ARM.Collect$$$$00000000) for __main
    stm32f10x_adc.o(i.ADC_DeInit) refers to stm32f10x_rcc.o(i.RCC_APB2PeriphResetCmd) for RCC_APB2PeriphResetCmd
    stm32f10x_bkp.o(i.BKP_DeInit) refers to stm32f10x_rcc.o(i.RCC_BackupResetCmd) for RCC_BackupResetCmd
    stm32f10x_can.o(i.CAN_DeInit) refers to stm32f10x_rcc.o(i.RCC_APB1PeriphResetCmd) for RCC_APB1PeriphResetCmd
    stm32f10x_can.o(i.CAN_GetITStatus) refers to stm32f10x_can.o(i.CheckITStatus) for CheckITStatus
    stm32f10x_cec.o(i.CEC_DeInit) refers to stm32f10x_rcc.o(i.RCC_APB1PeriphResetCmd) for RCC_APB1PeriphResetCmd
    stm32f10x_dac.o(i.DAC_DeInit) refers to stm32f10x_rcc.o(i.RCC_APB1PeriphResetCmd) for RCC_APB1PeriphResetCmd
    stm32f10x_flash.o(i.FLASH_EnableWriteProtection) refers to stm32f10x_flash.o(i.FLASH_WaitForLastOperation) for FLASH_WaitForLastOperation
    stm32f10x_flash.o(i.FLASH_EraseAllBank1Pages) refers to stm32f10x_flash.o(i.FLASH_WaitForLastBank1Operation) for FLASH_WaitForLastBank1Operation
    stm32f10x_flash.o(i.FLASH_EraseAllPages) refers to stm32f10x_flash.o(i.FLASH_WaitForLastOperation) for FLASH_WaitForLastOperation
    stm32f10x_flash.o(i.FLASH_EraseOptionBytes) refers to stm32f10x_flash.o(i.FLASH_GetReadOutProtectionStatus) for FLASH_GetReadOutProtectionStatus
    stm32f10x_flash.o(i.FLASH_EraseOptionBytes) refers to stm32f10x_flash.o(i.FLASH_WaitForLastOperation) for FLASH_WaitForLastOperation
    stm32f10x_flash.o(i.FLASH_ErasePage) refers to stm32f10x_flash.o(i.FLASH_WaitForLastOperation) for FLASH_WaitForLastOperation
    stm32f10x_flash.o(i.FLASH_ProgramHalfWord) refers to stm32f10x_flash.o(i.FLASH_WaitForLastOperation) for FLASH_WaitForLastOperation
    stm32f10x_flash.o(i.FLASH_ProgramOptionByteData) refers to stm32f10x_flash.o(i.FLASH_WaitForLastOperation) for FLASH_WaitForLastOperation
    stm32f10x_flash.o(i.FLASH_ProgramWord) refers to stm32f10x_flash.o(i.FLASH_WaitForLastOperation) for FLASH_WaitForLastOperation
    stm32f10x_flash.o(i.FLASH_ReadOutProtection) refers to stm32f10x_flash.o(i.FLASH_WaitForLastOperation) for FLASH_WaitForLastOperation
    stm32f10x_flash.o(i.FLASH_UserOptionByteConfig) refers to stm32f10x_flash.o(i.FLASH_WaitForLastOperation) for FLASH_WaitForLastOperation
    stm32f10x_flash.o(i.FLASH_WaitForLastBank1Operation) refers to stm32f10x_flash.o(i.FLASH_GetBank1Status) for FLASH_GetBank1Status
    stm32f10x_flash.o(i.FLASH_WaitForLastOperation) refers to stm32f10x_flash.o(i.FLASH_GetBank1Status) for FLASH_GetBank1Status
    stm32f10x_gpio.o(i.GPIO_AFIODeInit) refers to stm32f10x_rcc.o(i.RCC_APB2PeriphResetCmd) for RCC_APB2PeriphResetCmd
    stm32f10x_gpio.o(i.GPIO_DeInit) refers to stm32f10x_rcc.o(i.RCC_APB2PeriphResetCmd) for RCC_APB2PeriphResetCmd
    stm32f10x_i2c.o(i.I2C_DeInit) refers to stm32f10x_rcc.o(i.RCC_APB1PeriphResetCmd) for RCC_APB1PeriphResetCmd
    stm32f10x_i2c.o(i.I2C_Init) refers to stm32f10x_rcc.o(i.RCC_GetClocksFreq) for RCC_GetClocksFreq
    stm32f10x_pwr.o(i.PWR_DeInit) refers to stm32f10x_rcc.o(i.RCC_APB1PeriphResetCmd) for RCC_APB1PeriphResetCmd
[...]
    i.DebugMon_Handler                       0x080014a0   Section        0  stm32f10x_it.o(i.DebugMon_Handler)
    i.Delay_ms                               0x080014a2   Section        0  delay_z.o(i.Delay_ms)
    i.Delay_s                                0x080014ba   Section        0  delay_z.o(i.Delay_s)
    i.Delay_us                               0x080014d2   Section        0  delay_z.o(i.Delay_us)
    i.FirmwareSize                           0x08001500   Section        0  vi530x_firmware.o(i.FirmwareSize)
    i.GPIO_Init                              0x08001506   Section        0  stm32f10x_gpio.o(i.GPIO_Init)
    i.GPIO_PinRemapConfig                    0x0800161c   Section        0  stm32f10x_gpio.o(i.GPIO_PinRemapConfig)
    i.GPIO_ReadInputDataBit                  0x080016ac   Section        0  stm32f10x_gpio.o(i.GPIO_ReadInputDataBit)
    i.GPIO_ResetBits                         0x080016be   Section        0  stm32f10x_gpio.o(i.GPIO_ResetBits)
    i.GPIO_SetBits                           0x080016c2   Section        0  stm32f10x_gpio.o(i.GPIO_SetBits)
    i.GPIO_WriteBit                          0x080016c6   Section        0  stm32f10x_gpio.o(i.GPIO_WriteBit)
    i.Get_VI530x_Download_Firmware_Status    0x080016d0   Section        0  vi530x_firmware.o(i.Get_VI530x_Download_Firmware_Status)
    i.HardFault_Handler                      0x08001702   Section        0  stm32f10x_it.o(i.HardFault_Handler)
    i.I2C_ConsecutiveRead                    0x08001706   Section        0  vi530x_api.o(i.I2C_ConsecutiveRead)
    I2C_ConsecutiveRead                      0x08001707   Thumb Code    78  vi530x_api.o(i.I2C_ConsecutiveRead)
    i.I2C_ConsecutiveRead                    0x08001754   Section        0  vi530x_firmware.o(i.I2C_ConsecutiveRead)
    I2C_ConsecutiveRead                      0x08001755   Thumb Code    78  vi530x_firmware.o(i.I2C_ConsecutiveRead)
    i.I2C_ConsecutiveRead                    0x080017a2   Section        0  vi530x_system_data.o(i.I2C_ConsecutiveRead)
    I2C_ConsecutiveRead                      0x080017a3   Thumb Code    78  vi530x_system_data.o(i.I2C_ConsecutiveRead)
    i.I2C_ConsecutiveSend                    0x080017f0   Section        0  vi530x_api.o(i.I2C_ConsecutiveSend)
    I2C_ConsecutiveSend                      0x080017f1   Thumb Code    54  vi530x_api.o(i.I2C_ConsecutiveSend)
    i.I2C_ConsecutiveSend                    0x08001826   Section        0  vi530x_firmware.o(i.I2C_ConsecutiveSend)
    I2C_ConsecutiveSend                      0x08001827   Thumb Code    54  vi530x_firmware.o(i.I2C_ConsecutiveSend)
    i.I2C_ConsecutiveSend                    0x0800185c   Section        0  vi530x_system_data.o(i.I2C_ConsecutiveSend)
    I2C_ConsecutiveSend                      0x0800185d   Thumb Code    54  vi530x_system_data.o(i.I2C_ConsecutiveSend)
    i.I2C_ReadByte                           0x08001892   Section        0  vi530x_api.o(i.I2C_ReadByte)
    I2C_ReadByte                             0x08001893   Thumb Code   104  vi530x_api.o(i.I2C_ReadByte)
    i.I2C_ReadByte                           0x080018fa   Section        0  vi530x_firmware.o(i.I2C_ReadByte)
    I2C_ReadByte                             0x080018fb   Thumb Code   104  vi530x_firmware.o(i.I2C_ReadByte)
    i.I2C_ReadByte                           0x08001962   Section        0  vi530x_system_data.o(i.I2C_ReadByte)
    I2C_ReadByte                             0x08001963   Thumb Code   104  vi530x_system_data.o(i.I2C_ReadByte)
    i.I2C_SCL_Write                          0x080019cc   Section        0  oled.o(i.I2C_SCL_Write)
    I2C_SCL_Write                            0x080019cd   Thumb Code    18  oled.o(i.I2C_SCL_Write)
    i.I2C_SCL_Write                          0x080019e4   Section        0  vl5300.o(i.I2C_SCL_Write)
    I2C_SCL_Write                            0x080019e5   Thumb Code    18  vl5300.o(i.I2C_SCL_Write)
    i.I2C_SCL_Write                          0x080019fc   Section        0  vi530x_api.o(i.I2C_SCL_Write)
    I2C_SCL_Write                            0x080019fd   Thumb Code    18  vi530x_api.o(i.I2C_SCL_Write)
    i.I2C_SCL_Write                          0x08001a14   Section        0  vi530x_firmware.o(i.I2C_SCL_Write)
    I2C_SCL_Write                            0x08001a15   Thumb Code    18  vi530x_firmware.o(i.I2C_SCL_Write)
    i.I2C_SCL_Write                          0x08001a2c   Section        0  vi530x_system_data.o(i.I2C_SCL_Write)
    I2C_SCL_Write                            0x08001a2d   Thumb Code    18  vi530x_system_data.o(i.I2C_SCL_Write)
    i.I2C_SDA_Read                           0x08001a44   Section        0  oled.o(i.I2C_SDA_Read)
    I2C_SDA_Read                             0x08001a45   Thumb Code    14  oled.o(i.I2C_SDA_Read)
    i.I2C_SDA_Read                           0x08001a58   Section        0  vi530x_api.o(i.I2C_SDA_Read)
    I2C_SDA_Read                             0x08001a59   Thumb Code    14  vi530x_api.o(i.I2C_SDA_Read)
    i.I2C_SDA_Read                           0x08001a6c   Section        0  vi530x_firmware.o(i.I2C_SDA_Read)
    I2C_SDA_Read                             0x08001a6d   Thumb Code    14  vi530x_firmware.o(i.I2C_SDA_Read)
    i.I2C_SDA_Read                           0x08001a80   Section        0  vi530x_system_data.o(i.I2C_SDA_Read)
    I2C_SDA_Read                             0x08001a81   Thumb Code    14  vi530x_system_data.o(i.I2C_SDA_Read)
    i.I2C_SDA_Write                          0x08001a94   Section        0  oled.o(i.I2C_SDA_Write)
    I2C_SDA_Write                            0x08001a95   Thumb Code    18  oled.o(i.I2C_SDA_Write)
    i.I2C_SDA_Write                          0x08001aac   Section        0  vl5300.o(i.I2C_SDA_Write)
    I2C_SDA_Write                            0x08001aad   Thumb Code    18  vl5300.o(i.I2C_SDA_Write)
    i.I2C_SDA_Write                          0x08001ac4   Section        0  vi530x_api.o(i.I2C_SDA_Write)
    I2C_SDA_Write                            0x08001ac5   Thumb Code    18  vi530x_api.o(i.I2C_SDA_Write)
    i.I2C_SDA_Write                          0x08001adc   Section        0  vi530x_firmware.o(i.I2C_SDA_Write)
    I2C_SDA_Write                            0x08001add   Thumb Code    18  vi530x_firmware.o(i.I2C_SDA_Write)
    i.I2C_SDA_Write                          0x08001af4   Section        0  vi530x_system_data.o(i.I2C_SDA_Write)
    I2C_SDA_Write                            0x08001af5   Thumb Code    18  vi530x_system_data.o(i.I2C_SDA_Write)
    i.I2C_SendByte                           0x08001b0c   Section        0  oled.o(i.I2C_SendByte)
    I2C_SendByte                             0x08001b0d   Thumb Code    72  oled.o(i.I2C_SendByte)
    i.I2C_SendByte                           0x08001b54   Section        0  vi530x_api.o(i.I2C_SendByte)
    I2C_SendByte                             0x08001b55   Thumb Code    72  vi530x_api.o(i.I2C_SendByte)
    i.I2C_SendByte                           0x08001b9c   Section        0  vi530x_firmware.o(i.I2C_SendByte)
    I2C_SendByte                             0x08001b9d   Thumb Code    72  vi530x_firmware.o(i.I2C_SendByte)
    i.I2C_SendByte                           0x08001be4   Section        0  vi530x_system_data.o(i.I2C_SendByte)
    I2C_SendByte                             0x08001be5   Thumb Code    72  vi530x_system_data.o(i.I2C_SendByte)
    i.I2C_SingleRead                         0x08001c2c   Section        0  vi530x_api.o(i.I2C_SingleRead)
    I2C_SingleRead                           0x08001c2d   Thumb Code    22  vi530x_api.o(i.I2C_SingleRead)
    i.I2C_SingleRead                         0x08001c42   Section        0  vi530x_firmware.o(i.I2C_SingleRead)
    I2C_SingleRead                           0x08001c43   Thumb Code    22  vi530x_firmware.o(i.I2C_SingleRead)
    i.I2C_SingleRead                         0x08001c58   Section        0  vi530x_system_data.o(i.I2C_SingleRead)
    I2C_SingleRead                           0x08001c59   Thumb Code    22  vi530x_system_data.o(i.I2C_SingleRead)
    i.I2C_SingleSend                         0x08001c6e   Section        0  vi530x_api.o(i.I2C_SingleSend)
    I2C_SingleSend                           0x08001c6f   Thumb Code    20  vi530x_api.o(i.I2C_SingleSend)
    i.I2C_SingleSend                         0x08001c82   Section        0  vi530x_firmware.o(i.I2C_SingleSend)
    I2C_SingleSend                           0x08001c83   Thumb Code    20  vi530x_firmware.o(i.I2C_SingleSend)
    i.I2C_SingleSend                         0x08001c96   Section        0  vi530x_system_data.o(i.I2C_SingleSend)
    I2C_SingleSend                           0x08001c97   Thumb Code    20  vi530x_system_data.o(i.I2C_SingleSend)
    i.I2C_Start                              0x08001caa   Section        0  oled.o(i.I2C_Start)
    I2C_Start                                0x08001cab   Thumb Code    28  oled.o(i.I2C_Start)
    i.I2C_Start                              0x08001cc6   Section        0  vi530x_api.o(i.I2C_Start)
    I2C_Start                                0x08001cc7   Thumb Code    28  vi530x_api.o(i.I2C_Start)
    i.I2C_Start                              0x08001ce2   Section        0  vi530x_firmware.o(i.I2C_Start)
    I2C_Start                                0x08001ce3   Thumb Code    28  vi530x_firmware.o(i.I2C_Start)
    i.I2C_Start                              0x08001cfe   Section        0  vi530x_system_data.o(i.I2C_Start)
    I2C_Start                                0x08001cff   Thumb Code    28  vi530x_system_data.o(i.I2C_Start)
    i.I2C_Stop                               0x08001d1a   Section        0  oled.o(i.I2C_Stop)
    I2C_Stop                                 0x08001d1b   Thumb Code    22  oled.o(i.I2C_Stop)
    i.I2C_Stop                               0x08001d30   Section        0  vl5300.o(i.I2C_Stop)
    I2C_Stop                                 0x08001d31   Thumb Code    22  vl5300.o(i.I2C_Stop)
    i.I2C_Stop                               0x08001d46   Section        0  vi530x_api.o(i.I2C_Stop)
    I2C_Stop                                 0x08001d47   Thumb Code    22  vi530x_api.o(i.I2C_Stop)
    i.I2C_Stop                               0x08001d5c   Section        0  vi530x_firmware.o(i.I2C_Stop)
    I2C_Stop                                 0x08001d5d   Thumb Code    22  vi530x_firmware.o(i.I2C_Stop)
    i.I2C_Stop                               0x08001d72   Section        0  vi530x_system_data.o(i.I2C_Stop)
    I2C_Stop                                 0x08001d73   Thumb Code    22  vi530x_system_data.o(i.I2C_Stop)
    i.MCU_XSH_Pin_Init                       0x08001d88   Section        0  vl5300.o(i.MCU_XSH_Pin_Init)
    MCU_XSH_Pin_Init                         0x08001d89   Thumb Code   128  vl5300.o(i.MCU_XSH_Pin_Init)
    i.MemManage_Handler                      0x08001e0c   Section        0  stm32f10x_it.o(i.MemManage_Handler)
    i.MotorPID_Init                          0x08001e10   Section        0  chassis.o(i.MotorPID_Init)
    i.Motor_Control                          0x08001ea4   Section        0  chassis.o(i.Motor_Control)
    i.Motor_Turn                             0x08001ecc   Section        0  chassis.o(i.Motor_Turn)
    i.MySPI_Init                             0x08001f94   Section        0  ps2.o(i.MySPI_Init)
    MySPI_Init                               0x08001f95   Thumb Code   134  ps2.o(i.MySPI_Init)
    i.MyUART_Init                            0x08002024   Section        0  uart_z.o(i.MyUART_Init)
    i.NMI_Handler                            0x080020c8   Section        0  stm32f10x_it.o(i.NMI_Handler)
    i.NVIC_Init                              0x080020cc   Section        0  misc.o(i.NVIC_Init)
    i.NVIC_PriorityGroupConfig               0x0800213c   Section        0  misc.o(i.NVIC_PriorityGroupConfig)
    i.OLED_Clear                             0x08002150   Section        0  oled.o(i.OLED_Clear)
    i.OLED_HW_Init                           0x0800217a   Section        0  oled.o(i.OLED_HW_Init)
    OLED_HW_Init                             0x0800217b   Thumb Code   158  oled.o(i.OLED_HW_Init)
    i.OLED_Init                              0x08002218   Section        0  oled.o(i.OLED_Init)
    i.OLED_Pow                               0x08002270   Section        0  oled.o(i.OLED_Pow)
    OLED_Pow                                 0x08002271   Thumb Code    20  oled.o(i.OLED_Pow)
    i.OLED_SetCursor                         0x08002284   Section        0  oled.o(i.OLED_SetCursor)
    OLED_SetCursor                           0x08002285   Thumb Code    34  oled.o(i.OLED_SetCursor)
    i.OLED_ShowChar                          0x080022a8   Section        0  oled.o(i.OLED_ShowChar)
    i.OLED_Show_u32                          0x0800231c   Section        0  oled.o(i.OLED_Show_u32)
    i.OLED_WriteCommand                      0x08002360   Section        0  oled.o(i.OLED_WriteCommand)
    OLED_WriteCommand                        0x08002361   Thumb Code    32  oled.o(i.OLED_WriteCommand)
    i.OLED_WriteData                         0x08002380   Section        0  oled.o(i.OLED_WriteData)
    OLED_WriteData                           0x08002381   Thumb Code    32  oled.o(i.OLED_WriteData)
    i.PID_Calc                               0x080023a0   Section        0  pid.o(i.PID_Calc)
    i.PID_Limit                              0x08002474   Section        0  pid.o(i.PID_Limit)
    i.PS2_Init                               0x080024ca   Section        0  ps2.o(i.PS2_Init)
    i.PendSV_Handler                         0x080024d2   Section        0  stm32f10x_it.o(i.PendSV_Handler)
    i.RCC_APB1PeriphClockCmd                 0x080024d4   Section        0  stm32f10x_rcc.o(i.RCC_APB1PeriphClockCmd)
    i.RCC_APB2PeriphClockCmd                 0x080024f4   Section        0  stm32f10x_rcc.o(i.RCC_APB2PeriphClockCmd)
    i.RCC_GetClocksFreq                      0x08002514   Section        0  stm32f10x_rcc.o(i.RCC_GetClocksFreq)
    i.SPI_CLK_Write                          0x080025e8   Section        0  ps2.o(i.SPI_CLK_Write)
    SPI_CLK_Write                            0x080025e9   Thumb Code    28  ps2.o(i.SPI_CLK_Write)
    i.SPI_CS_Write                           0x08002608   Section        0  ps2.o(i.SPI_CS_Write)
    SPI_CS_Write                             0x08002609   Thumb Code    28  ps2.o(i.SPI_CS_Write)
    i.SPI_Stop                               0x08002628   Section        0  ps2.o(i.SPI_Stop)
    SPI_Stop                                 0x08002629   Thumb Code    16  ps2.o(i.SPI_Stop)
    i.SVC_Handler                            0x08002638   Section        0  stm32f10x_it.o(i.SVC_Handler)
    i.SetSysClock                            0x0800263a   Section        0  system_stm32f10x.o(i.SetSysClock)
    SetSysClock                              0x0800263b   Thumb Code     8  system_stm32f10x.o(i.SetSysClock)
    i.SetSysClockTo72                        0x08002644   Section        0  system_stm32f10x.o(i.SetSysClockTo72)
    SetSysClockTo72                          0x08002645   Thumb Code   214  system_stm32f10x.o(i.SetSysClockTo72)
    i.SysTick_Handler                        0x08002724   Section        0  stm32f10x_it.o(i.SysTick_Handler)
    i.SystemInit                             0x08002728   Section        0  system_stm32f10x.o(i.SystemInit)
    i.TI1_Config                             0x08002788   Section        0  stm32f10x_tim.o(i.TI1_Config)
    TI1_Config                               0x08002789   Thumb Code   108  stm32f10x_tim.o(i.TI1_Config)
    i.TI2_Config                             0x08002808   Section        0  stm32f10x_tim.o(i.TI2_Config)
    TI2_Config                               0x08002809   Thumb Code   130  stm32f10x_tim.o(i.TI2_Config)
    i.TI3_Config                             0x080028a0   Section        0  stm32f10x_tim.o(i.TI3_Config)
    TI3_Config                               0x080028a1   Thumb Code   122  stm32f10x_tim.o(i.TI3_Config)
    i.TI4_Config                             0x08002930   Section        0  stm32f10x_tim.o(i.TI4_Config)
    TI4_Config                               0x08002931   Thumb Code   130  stm32f10x_tim.o(i.TI4_Config)
    i.TIM6_IRQHandler                        0x080029c8   Section        0  chassis.o(i.TIM6_IRQHandler)
    i.TIM6_Init                              0x08002c38   Section        0  bsp_chassisencoder.o(i.TIM6_Init)
    i.TIM_BDTRConfig                         0x08002c9c   Section        0  stm32f10x_tim.o(i.TIM_BDTRConfig)
    i.TIM_BDTRStructInit                     0x08002cbc   Section        0  stm32f10x_tim.o(i.TIM_BDTRStructInit)
    i.TIM_ClearITPendingBit                  0x08002cce   Section        0  stm32f10x_tim.o(i.TIM_ClearITPendingBit)
    i.TIM_Cmd                                0x08002cd4   Section        0  stm32f10x_tim.o(i.TIM_Cmd)
    i.TIM_CtrlPWMOutputs                     0x08002cec   Section        0  stm32f10x_tim.o(i.TIM_CtrlPWMOutputs)
    i.TIM_EncoderInterfaceConfig             0x08002d0a   Section        0  stm32f10x_tim.o(i.TIM_EncoderInterfaceConfig)
    i.TIM_GetCounter                         0x08002d4c   Section        0  stm32f10x_tim.o(i.TIM_GetCounter)
    i.TIM_GetITStatus                        0x08002d52   Section        0  stm32f10x_tim.o(i.TIM_GetITStatus)
    i.TIM_ICInit                             0x08002d74   Section        0  stm32f10x_tim.o(i.TIM_ICInit)
    i.TIM_ICStructInit                       0x08002e20   Section        0  stm32f10x_tim.o(i.TIM_ICStructInit)
    i.TIM_ITConfig                           0x08002e32   Section        0  stm32f10x_tim.o(i.TIM_ITConfig)
    i.TIM_OC1Init                            0x08002e44   Section        0  stm32f10x_tim.o(i.TIM_OC1Init)
    i.TIM_OC2Init                            0x08002edc   Section        0  stm32f10x_tim.o(i.TIM_OC2Init)
    i.TIM_OC3Init                            0x08002f80   Section        0  stm32f10x_tim.o(i.TIM_OC3Init)
    i.TIM_OC4Init                            0x08003020   Section        0  stm32f10x_tim.o(i.TIM_OC4Init)
    i.TIM_OCStructInit                       0x0800309c   Section        0  stm32f10x_tim.o(i.TIM_OCStructInit)
    i.TIM_SetCompare1                        0x080030b0   Section        0  stm32f10x_tim.o(i.TIM_SetCompare1)
    i.TIM_SetCompare2                        0x080030b4   Section        0  stm32f10x_tim.o(i.TIM_SetCompare2)
    i.TIM_SetCompare3                        0x080030b8   Section        0  stm32f10x_tim.o(i.TIM_SetCompare3)
    i.TIM_SetCompare4                        0x080030bc   Section        0  stm32f10x_tim.o(i.TIM_SetCompare4)
    i.TIM_SetCounter                         0x080030c2   Section        0  stm32f10x_tim.o(i.TIM_SetCounter)
    i.TIM_SetIC1Prescaler                    0x080030c6   Section        0  stm32f10x_tim.o(i.TIM_SetIC1Prescaler)
    i.TIM_SetIC2Prescaler                    0x080030d8   Section        0  stm32f10x_tim.o(i.TIM_SetIC2Prescaler)
    i.TIM_SetIC3Prescaler                    0x080030f2   Section        0  stm32f10x_tim.o(i.TIM_SetIC3Prescaler)
    i.TIM_SetIC4Prescaler                    0x08003104   Section        0  stm32f10x_tim.o(i.TIM_SetIC4Prescaler)
    i.TIM_TimeBaseInit                       0x08003120   Section        0  stm32f10x_tim.o(i.TIM_TimeBaseInit)
    i.UART5_IRQHandler                       0x080031c4   Section        0  uart_z.o(i.UART5_IRQHandler)
    i.USART_ClearFlag                        0x08003260   Section        0  stm32f10x_usart.o(i.USART_ClearFlag)
    i.USART_Cmd                              0x08003272   Section        0  stm32f10x_usart.o(i.USART_Cmd)
    i.USART_GetITStatus                      0x0800328a   Section        0  stm32f10x_usart.o(i.USART_GetITStatus)
    i.USART_ITConfig                         0x080032de   Section        0  stm32f10x_usart.o(i.USART_ITConfig)
    i.USART_Init                             0x08003328   Section        0  stm32f10x_usart.o(i.USART_Init)
    i.USART_ReceiveData                      0x08003400   Section        0  stm32f10x_usart.o(i.USART_ReceiveData)
    i.UsageFault_Handler                     0x0800340a   Section        0  stm32f10x_it.o(i.UsageFault_Handler)
    i.VI530xWriteCommand                     0x0800340e   Section        0  vi530x_api.o(i.VI530xWriteCommand)
    i.VI530x_Bvd_Add                         0x08003422   Section        0  vi530x_system_data.o(i.VI530x_Bvd_Add)
    i.VI530x_Calculate_Confidence            0x080034c8   Section        0  vi530x_algorithm.o(i.VI530x_Calculate_Confidence)
    i.VI530x_Chip_Init                       0x080037a0   Section        0  vi530x_api.o(i.VI530x_Chip_Init)
    i.VI530x_Chip_Register_Init              0x080037ec   Section        0  vi530x_api.o(i.VI530x_Chip_Register_Init)
    i.VI530x_Clear_Interrupt                 0x080038fc   Section        0  vi530x_api.o(i.VI530x_Clear_Interrupt)
    i.VI530x_Download_Firmware               0x0800391c   Section        0  vi530x_firmware.o(i.VI530x_Download_Firmware)
    i.VI530x_Get_And_Clear_Interrupt         0x080039b0   Section        0  vi530x_api.o(i.VI530x_Get_And_Clear_Interrupt)
    i.VI530x_Get_Measure_Data                0x080039fc   Section        0  vi530x_api.o(i.VI530x_Get_Measure_Data)
    i.VI530x_Set_Californiation_Data         0x08003b18   Section        0  vi530x_api.o(i.VI530x_Set_Californiation_Data)
    i.VI530x_Set_Digital_Clock_Dutycycle     0x08003b50   Section        0  vi530x_api.o(i.VI530x_Set_Digital_Clock_Dutycycle)
    i.VI530x_Set_Integralcounts_Frame        0x08003b74   Section        0  vi530x_system_data.o(i.VI530x_Set_Integralcounts_Frame)
    i.VI530x_Set_ModelChangeAddr             0x08003bd8   Section        0  vi530x_api.o(i.VI530x_Set_ModelChangeAddr)
    i.VI530x_Set_Sys_CG_Maxratio             0x08003c30   Section        0  vi530x_system_data.o(i.VI530x_Set_Sys_CG_Maxratio)
    i.VI530x_Set_Sys_DelayTime               0x08003c7c   Section        0  vi530x_system_data.o(i.VI530x_Set_Sys_DelayTime)
    i.VI530x_Set_Sys_Integral_Time           0x08003cca   Section        0  vi530x_system_data.o(i.VI530x_Set_Sys_Integral_Time)
    i.VI530x_Set_Sys_Reftof                  0x08003d2c   Section        0  vi530x_system_data.o(i.VI530x_Set_Sys_Reftof)
    i.VI530x_Set_Sys_Temperature_Enable      0x08003d82   Section        0  vi530x_system_data.o(i.VI530x_Set_Sys_Temperature_Enable)
    i.VI530x_Set_Sys_Xtalk_Position          0x08003dce   Section        0  vi530x_system_data.o(i.VI530x_Set_Sys_Xtalk_Position)
    i.VI530x_Start_Continue_Ranging_Cmd      0x08003e1a   Section        0  vi530x_api.o(i.VI530x_Start_Continue_Ranging_Cmd)
    i.VI530x_V10_Calculate_Pileup_Bias       0x08003e48   Section        0  vi530x_algorithm.o(i.VI530x_V10_Calculate_Pileup_Bias)
    i.VI530x_Wait_For_CPU_Ready              0x08003edc   Section        0  vi530x_api.o(i.VI530x_Wait_For_CPU_Ready)
    i.VI530x_Write_Firmware_Post_Config      0x08003f18   Section        0  vi530x_firmware.o(i.VI530x_Write_Firmware_Post_Config)
    i.VI530x_Write_Firmware_PreConfig        0x08003f80   Section        0  vi530x_firmware.o(i.VI530x_Write_Firmware_PreConfig)
    i.VL5300_1_HW_Init                       0x08003ff8   Section        0  vl5300.o(i.VL5300_1_HW_Init)
    VL5300_1_HW_Init                         0x08003ff9   Thumb Code    98  vl5300.o(i.VL5300_1_HW_Init)
    i.VL5300_2_HW_Init                       0x08004068   Section        0  vl5300.o(i.VL5300_2_HW_Init)
    VL5300_2_HW_Init                         0x08004069   Thumb Code    98  vl5300.o(i.VL5300_2_HW_Init)
    i.VL5300_3_HW_Init                       0x080040d8   Section        0  vl5300.o(i.VL5300_3_HW_Init)
    VL5300_3_HW_Init                         0x080040d9   Thumb Code    98  vl5300.o(i.VL5300_3_HW_Init)
    i.VL5300_Demo                            0x08004148   Section        0  vl5300_demo.o(i.VL5300_Demo)
    i.VL5300_GetDataSetPoint                 0x080041dc   Section        0  vl5300.o(i.VL5300_GetDataSetPoint)
    i.VL5300_Init                            0x080041e4   Section        0  vl5300.o(i.VL5300_Init)
    i.VL5300_ReadData                        0x08004248   Section        0  vl5300.o(i.VL5300_ReadData)
    i.__scatterload_copy                     0x080042fc   Section       14  handlers.o(i.__scatterload_copy)
    i.__scatterload_null                     0x0800430a   Section        2  handlers.o(i.__scatterload_null)
    i.__scatterload_zeroinit                 0x0800430c   Section       14  handlers.o(i.__scatterload_zeroinit)
    i.__set_errno                            0x0800431c   Section        0  errno.o(i.__set_errno)
    i.bsp_ChassisEncoder1_Init               0x08004328   Section        0  bsp_chassisencoder.o(i.bsp_ChassisEncoder1_Init)
    i.bsp_ChassisEncoder2_Init               0x080043dc   Section        0  bsp_chassisencoder.o(i.bsp_ChassisEncoder2_Init)
    i.bsp_ChassisEncoder3_Init               0x080044b4   Section        0  bsp_chassisencoder.o(i.bsp_ChassisEncoder3_Init)
    i.bsp_ChassisEncoder4_Init               0x08004560   Section        0  bsp_chassisencoder.o(i.bsp_ChassisEncoder4_Init)
    i.bsp_ChassisEncoder_Init                0x080045f8   Section        0  bsp_chassisencoder.o(i.bsp_ChassisEncoder_Init)
    i.main                                   0x0800460c   Section        0  main.o(i.main)
    i.myabs                                  0x08004630   Section        0  chassis.o(i.myabs)
    i.sqrt                                   0x0800463e   Section        0  sqrt.o(i.sqrt)
    .constdata                               0x0800468a   Section     1520  oled.o(.constdata)
    .constdata                               0x08004c7c   Section      120  vi530x_algorithm.o(.constdata)
    .constdata                               0x08004cf4   Section     8192  vi530x_firmware.o(.constdata)
    .data                                    0x20000000   Section       20  stm32f10x_rcc.o(.data)
    APBAHBPrescTable                         0x20000000   Data          16  stm32f10x_rcc.o(.data)
    ADCPrescTable                            0x20000010   Data           4  stm32f10x_rcc.o(.data)
    .data                                    0x20000014   Section        3  uart_z.o(.data)
    UART_RX_ReadFlagBit                      0x20000014   Data           1  uart_z.o(.data)
    FlagBit_0x0d                             0x20000015   Data           1  uart_z.o(.data)
    FlagBit_0x0a                             0x20000016   Data           1  uart_z.o(.data)
    .data                                    0x20000017   Section        3  vi530x_api.o(.data)
    .data                                    0x2000001c   Section       84  chassis.o(.data)
    .data                                    0x20000070   Section        4  bsp_chassisencoder.o(.data)
    .data                                    0x20000074   Section        4  errno.o(.data)
    _errno                                   0x20000074   Data           4  errno.o(.data)
    .bss                                     0x20000078   Section      102  uart_z.o(.bss)
    UART_OriginalRXData                      0x20000078   Data          51  uart_z.o(.bss)
    UART_ExternalRXData                      0x200000ab   Data          51  uart_z.o(.bss)
    .bss                                     0x200000e0   Section       96  vl5300.o(.bss)
    VL5300_Data1                             0x200000e0   Data          16  vl5300.o(.bss)
    VL5300_Data2                             0x200000f0   Data          16  vl5300.o(.bss)
    VL5300_Data3                             0x20000100   Data          16  vl5300.o(.bss)
    VL5300_DataSet                           0x20000110   Data          48  vl5300.o(.bss)
    .bss                                     0x20000140   Section       24  vi530x_api.o(.bss)
    .bss                                     0x20000158   Section      784  chassis.o(.bss)
    Chassis_Data                             0x20000394   Data         212  chassis.o(.bss)
    STACK                                    0x20000468   Section     1024  startup_stm32f10x_hd.o(STACK)

    Global Symbols

    Symbol Name                              Value     Ov Type        Size  Object(Section)

    BuildAttributes$$THM_ISAv4$P$D$K$B$S$PE$A:L22UL41UL21$X:L11$S22US41US21$IEEE1$IW$USESV6$~STKCKD$USESV7$~SHL$OTIME$ROPI$IEEEJ$EBA8$MICROLIB$REQ8$PRES8$EABIv2 0x00000000   Number         0  anon$$obj.o ABSOLUTE
    __ARM_use_no_argv                        0x00000000   Number         0  main.o ABSOLUTE
    _printf_a                                0x00000000   Number         0  stubs.o ABSOLUTE
    _printf_c                                0x00000000   Number         0  stubs.o ABSOLUTE
    _printf_charcount                        0x00000000   Number         0  stubs.o ABSOLUTE
    _printf_d                                0x00000000   Number         0  stubs.o ABSOLUTE
    _printf_e                                0x00000000   Number         0  stubs.o ABSOLUTE
    _printf_f                                0x00000000   Number         0  stubs.o ABSOLUTE
    _printf_flags                            0x00000000   Number         0  stubs.o ABSOLUTE
    _printf_fp_dec                           0x00000000   Number         0  stubs.o ABSOLUTE
    _printf_fp_hex                           0x00000000   Number         0  stubs.o ABSOLUTE
    _printf_g                                0x00000000   Number         0  stubs.o ABSOLUTE
    _printf_i                                0x00000000   Number         0  stubs.o ABSOLUTE
    _printf_int_dec                          0x00000000   Number         0  stubs.o ABSOLUTE
    _printf_l                                0x00000000   Number         0  stubs.o ABSOLUTE
    _printf_lc                               0x00000000   Number         0  stubs.o ABSOLUTE
    _printf_ll                               0x00000000   Number         0  stubs.o ABSOLUTE
    _printf_lld                              0x00000000   Number         0  stubs.o ABSOLUTE
    _printf_lli                              0x00000000   Number         0  stubs.o ABSOLUTE
    _printf_llo                              0x00000000   Number         0  stubs.o ABSOLUTE
    _printf_llu                              0x00000000   Number         0  stubs.o ABSOLUTE
    _printf_llx                              0x00000000   Number         0  stubs.o ABSOLUTE
    _printf_longlong_dec                     0x00000000   Number         0  stubs.o ABSOLUTE
    _printf_longlong_hex                     0x00000000   Number         0  stubs.o ABSOLUTE
    _printf_longlong_oct                     0x00000000   Number         0  stubs.o ABSOLUTE
    _printf_ls                               0x00000000   Number         0  stubs.o ABSOLUTE
    _printf_mbtowc                           0x00000000   Number         0  stubs.o ABSOLUTE
    _printf_n                                0x00000000   Number         0  stubs.o ABSOLUTE
    _printf_o                                0x00000000   Number         0  stubs.o ABSOLUTE
    _printf_p                                0x00000000   Number         0  stubs.o ABSOLUTE
    _printf_percent                          0x00000000   Number         0  stubs.o ABSOLUTE
    _printf_pre_padding                      0x00000000   Number         0  stubs.o ABSOLUTE
    _printf_return_value                     0x00000000   Number         0  stubs.o ABSOLUTE
    _printf_s                                0x00000000   Number         0  stubs.o ABSOLUTE
    _printf_sizespec                         0x00000000   Number         0  stubs.o ABSOLUTE
    _printf_str                              0x00000000   Number         0  stubs.o ABSOLUTE
    _printf_truncate_signed                  0x00000000   Number         0  stubs.o ABSOLUTE
    _printf_truncate_unsigned                0x00000000   Number         0  stubs.o ABSOLUTE
    _printf_u                                0x00000000   Number         0  stubs.o ABSOLUTE
    _printf_wc                               0x00000000   Number         0  stubs.o ABSOLUTE
    _printf_wctomb                           0x00000000   Number         0  stubs.o ABSOLUTE
    _printf_widthprec                        0x00000000   Number         0  stubs.o ABSOLUTE
    _printf_x                                0x00000000   Number         0  stubs.o ABSOLUTE
    __cpp_initialize__aeabi_                  - Undefined Weak Reference
    __cxa_finalize                            - Undefined Weak Reference
    __decompress                              - Undefined Weak Reference
    _clock_init                               - Undefined Weak Reference
    _microlib_exit                            - Undefined Weak Reference
    __Vectors_Size                           0x00000130   Number         0  startup_stm32f10x_hd.o ABSOLUTE
    __Vectors                                0x08000000   Data           4  startup_stm32f10x_hd.o(RESET)
    __Vectors_End                            0x08000130   Data           0  startup_stm32f10x_hd.o(RESET)
    __main                                   0x08000131   Thumb Code     0  entry.o(.ARM.Collect$$$$00000000)
    _main_stk                                0x08000131   Thumb Code     0  entry2.o(.ARM.Collect$$$$00000001)
    _main_scatterload                        0x08000135   Thumb Code     0  entry5.o(.ARM.Collect$$$$00000004)
    __main_after_scatterload                 0x08000139   Thumb Code     0  entry5.o(.ARM.Collect$$$$00000004)
    _main_clock                              0x08000139   Thumb Code     0  entry7b.o(.ARM.Collect$$$$00000008)
    _main_cpp_init                           0x08000139   Thumb Code     0  entry8b.o(.ARM.Collect$$$$0000000A)
    _main_init                               0x08000139   Thumb Code     0  entry9a.o(.ARM.Collect$$$$0000000B)
    __rt_final_cpp                           0x08000141   Thumb Code     0  entry10a.o(.ARM.Collect$$$$0000000D)
    __rt_final_exit                          0x08000141   Thumb Code     0  entry11a.o(.ARM.Collect$$$$0000000F)
    Reset_Handler                            0x08000145   Thumb Code     8  startup_stm32f10x_hd.o(.text)
    ADC1_2_IRQHandler                        0x0800015f   Thumb Code     0  startup_stm32f10x_hd.o(.text)
    ADC3_IRQHandler                          0x0800015f   Thumb Code     0  startup_stm32f10x_hd.o(.text)
    CAN1_RX1_IRQHandler                      0x0800015f   Thumb Code     0  startup_stm32f10x_hd.o(.text)
    CAN1_SCE_IRQHandler                      0x0800015f   Thumb Code     0  startup_stm32f10x_hd.o(.text)
    DMA1_Channel1_IRQHandler                 0x0800015f   Thumb Code     0  startup_stm32f10x_hd.o(.text)
    DMA1_Channel2_IRQHandler                 0x0800015f   Thumb Code     0  startup_stm32f10x_hd.o(.text)
    DMA1_Channel3_IRQHandler                 0x0800015f   Thumb Code     0  startup_stm32f10x_hd.o(.text)
    DMA1_Channel4_IRQHandler                 0x0800015f   Thumb Code     0  startup_stm32f10x_hd.o(.text)
    DMA1_Channel5_IRQHandler                 0x0800015f   Thumb Code     0  startup_stm32f10x_hd.o(.text)
    DMA1_Channel6_IRQHandler                 0x0800015f   Thumb Code     0  startup_stm32f10x_hd.o(.text)
    DMA1_Channel7_IRQHandler                 0x0800015f   Thumb Code     0  startup_stm32f10x_hd.o(.text)
    DMA2_Channel1_IRQHandler                 0x0800015f   Thumb Code     0  startup_stm32f10x_hd.o(.text)
    DMA2_Channel2_IRQHandler                 0x0800015f   Thumb Code     0  startup_stm32f10x_hd.o(.text)
    DMA2_Channel3_IRQHandler                 0x0800015f   Thumb Code     0  startup_stm32f10x_hd.o(.text)
    DMA2_Channel4_5_IRQHandler               0x0800015f   Thumb Code     0  startup_stm32f10x_hd.o(.text)
    EXTI0_IRQHandler                         0x0800015f   Thumb Code     0  startup_stm32f10x_hd.o(.text)
    EXTI15_10_IRQHandler                     0x0800015f   Thumb Code     0  startup_stm32f10x_hd.o(.text)
    EXTI1_IRQHandler                         0x0800015f   Thumb Code     0  startup_stm32f10x_hd.o(.text)
    EXTI2_IRQHandler                         0x0800015f   Thumb Code     0  startup_stm32f10x_hd.o(.text)
    EXTI3_IRQHandler                         0x0800015f   Thumb Code     0  startup_stm32f10x_hd.o(.text)
    EXTI4_IRQHandler                         0x0800015f   Thumb Code     0  startup_stm32f10x_hd.o(.text)
    EXTI9_5_IRQHandler                       0x0800015f   Thumb Code     0  startup_stm32f10x_hd.o(.text)
    FLASH_IRQHandler                         0x0800015f   Thumb Code     0  startup_stm32f10x_hd.o(.text)
    FSMC_IRQHandler                          0x0800015f   Thumb Code     0  startup_stm32f10x_hd.o(.text)
    I2C1_ER_IRQHandler                       0x0800015f   Thumb Code     0  startup_stm32f10x_hd.o(.text)
    I2C1_EV_IRQHandler                       0x0800015f   Thumb Code     0  startup_stm32f10x_hd.o(.text)
    I2C2_ER_IRQHandler                       0x0800015f   Thumb Code     0  startup_stm32f10x_hd.o(.text)
    I2C2_EV_IRQHandler                       0x0800015f   Thumb Code     0  startup_stm32f10x_hd.o(.text)
    PVD_IRQHandler                           0x0800015f   Thumb Code     0  startup_stm32f10x_hd.o(.text)
    RCC_IRQHandler                           0x0800015f   Thumb Code     0  startup_stm32f10x_hd.o(.text)
    RTCAlarm_IRQHandler                      0x0800015f   Thumb Code     0  startup_stm32f10x_hd.o(.text)
    RTC_IRQHandler                           0x0800015f   Thumb Code     0  startup_stm32f10x_hd.o(.text)
    SDIO_IRQHandler                          0x0800015f   Thumb Code     0  startup_stm32f10x_hd.o(.text)
    SPI1_IRQHandler                          0x0800015f   Thumb Code     0  startup_stm32f10x_hd.o(.text)
    SPI2_IRQHandler                          0x0800015f   Thumb Code     0  startup_stm32f10x_hd.o(.text)
    SPI3_IRQHandler                          0x0800015f   Thumb Code     0  startup_stm32f10x_hd.o(.text)
    TAMPER_IRQHandler                        0x0800015f   Thumb Code     0  startup_stm32f10x_hd.o(.text)
    TIM1_BRK_IRQHandler                      0x0800015f   Thumb Code     0  startup_stm32f10x_hd.o(.text)
    TIM1_CC_IRQHandler                       0x0800015f   Thumb Code     0  startup_stm32f10x_hd.o(.text)
    TIM1_TRG_COM_IRQHandler                  0x0800015f   Thumb Code     0  startup_stm32f10x_hd.o(.text)
    TIM1_UP_IRQHandler                       0x0800015f   Thumb Code     0  startup_stm32f10x_hd.o(.text)
    TIM2_IRQHandler                          0x0800015f   Thumb Code     0  startup_stm32f10x_hd.o(.text)
    TIM3_IRQHandler                          0x0800015f   Thumb Code     0  startup_stm32f10x_hd.o(.text)
    TIM4_IRQHandler                          0x0800015f   Thumb Code     0  startup_stm32f10x_hd.o(.text)
    TIM5_IRQHandler                          0x0800015f   Thumb Code     0  startup_stm32f10x_hd.o(.text)
    TIM7_IRQHandler                          0x0800015f   Thumb Code     0  startup_stm32f10x_hd.o(.text)
    TIM8_BRK_IRQHandler                      0x0800015f   Thumb Code     0  startup_stm32f10x_hd.o(.text)
    TIM8_CC_IRQHandler                       0x0800015f   Thumb Code     0  startup_stm32f10x_hd.o(.text)
    TIM8_TRG_COM_IRQHandler                  0x0800015f   Thumb Code     0  startup_stm32f10x_hd.o(.text)
    TIM8_UP_IRQHandler                       0x0800015f   Thumb Code     0  startup_stm32f10x_hd.o(.text)
    UART4_IRQHandler                         0x0800015f   Thumb Code     0  startup_stm32f10x_hd.o(.text)
    USART1_IRQHandler                        0x0800015f   Thumb Code     0  startup_stm32f10x_hd.o(.text)
    USART2_IRQHandler                        0x0800015f   Thumb Code     0  startup_stm32f10x_hd.o(.text)
    USART3_IRQHandler                        0x0800015f   Thumb Code     0  startup_stm32f10x_hd.o(.text)
    USBWakeUp_IRQHandler                     0x0800015f   Thumb Code     0  startup_stm32f10x_hd.o(.text)
    USB_HP_CAN1_TX_IRQHandler                0x0800015f   Thumb Code     0  startup_stm32f10x_hd.o(.text)
    USB_LP_CAN1_RX0_IRQHandler               0x0800015f   Thumb Code     0  startup_stm32f10x_hd.o(.text)
    WWDG_IRQHandler                          0x0800015f   Thumb Code     0  startup_stm32f10x_hd.o(.text)
    __aeabi_memcpy                           0x08000169   Thumb Code    36  memcpya.o(.text)
    __aeabi_memcpy4                          0x08000169   Thumb Code     0  memcpya.o(.text)
    __aeabi_memcpy8                          0x08000169   Thumb Code     0  memcpya.o(.text)
    __aeabi_memset                           0x0800018d   Thumb Code    14  memseta.o(.text)
    __aeabi_memset4                          0x0800018d   Thumb Code     0  memseta.o(.text)
    __aeabi_memset8                          0x0800018d   Thumb Code     0  memseta.o(.text)
    __aeabi_memclr                           0x0800019b   Thumb Code     4  memseta.o(.text)
    __aeabi_memclr4                          0x0800019b   Thumb Code     0  memseta.o(.text)
    __aeabi_memclr8                          0x0800019b   Thumb Code     0  memseta.o(.text)
    _memset$wrapper                          0x0800019f   Thumb Code    18  memseta.o(.text)
    __aeabi_fadd                             0x080001b1   Thumb Code   164  fadd.o(.text)
    __aeabi_fsub                             0x08000255   Thumb Code     6  fadd.o(.text)
    __aeabi_frsub                            0x0800025b   Thumb Code     6  fadd.o(.text)
    __aeabi_fmul                             0x08000261   Thumb Code   100  fmul.o(.text)
    __aeabi_fdiv                             0x080002c5   Thumb Code   124  fdiv.o(.text)
    __aeabi_dadd                             0x08000341   Thumb Code   322  dadd.o(.text)
    __aeabi_dsub                             0x08000483   Thumb Code     6  dadd.o(.text)
    __aeabi_drsub                            0x08000489   Thumb Code     6  dadd.o(.text)
    __aeabi_dmul                             0x0800048f   Thumb Code   228  dmul.o(.text)
    __aeabi_ddiv                             0x08000573   Thumb Code   222  ddiv.o(.text)
    __aeabi_i2f                              0x08000651   Thumb Code    18  fflti.o(.text)
    __aeabi_ui2f                             0x08000663   Thumb Code    10  ffltui.o(.text)
    __aeabi_i2d                              0x0800066d   Thumb Code    34  dflti.o(.text)
    __aeabi_ui2d                             0x0800068f   Thumb Code    26  dfltui.o(.text)
    __aeabi_f2iz                             0x080006a9   Thumb Code    50  ffixi.o(.text)
    __aeabi_f2uiz                            0x080006db   Thumb Code    40  ffixui.o(.text)
    __aeabi_d2iz                             0x08000703   Thumb Code    62  dfixi.o(.text)
    __aeabi_d2uiz                            0x08000741   Thumb Code    50  dfixui.o(.text)
    __aeabi_f2d                              0x08000773   Thumb Code    38  f2d.o(.text)
    __aeabi_cdcmpeq                          0x08000799   Thumb Code     0  cdcmple.o(.text)
    __aeabi_cdcmple                          0x08000799   Thumb Code    48  cdcmple.o(.text)
    __aeabi_cdrcmple                         0x080007c9   Thumb Code    48  cdrcmple.o(.text)
    __aeabi_d2f                              0x080007f9   Thumb Code    56  d2f.o(.text)
    __aeabi_cfcmpeq                          0x08000831   Thumb Code     0  cfcmple.o(.text)
    __aeabi_cfcmple                          0x08000831   Thumb Code    20  cfcmple.o(.text)
    __aeabi_cfrcmple                         0x08000845   Thumb Code    20  cfrcmple.o(.text)
    __aeabi_llsl                             0x08000859   Thumb Code    30  llshl.o(.text)
    _ll_shift_l                              0x08000859   Thumb Code     0  llshl.o(.text)
    __aeabi_llsr                             0x08000877   Thumb Code    32  llushr.o(.text)
    _ll_ushift_r                             0x08000877   Thumb Code     0  llushr.o(.text)
    __aeabi_lasr                             0x08000897   Thumb Code    36  llsshr.o(.text)
    _ll_sshift_r                             0x08000897   Thumb Code     0  llsshr.o(.text)
    __I$use$fp                               0x080008bb   Thumb Code     0  iusefp.o(.text)
    _float_round                             0x080008bb   Thumb Code    18  fepilogue.o(.text)
    _float_epilogue                          0x080008cd   Thumb Code    92  fepilogue.o(.text)
    _double_round                            0x08000929   Thumb Code    30  depilogue.o(.text)
    _double_epilogue                         0x08000947   Thumb Code   156  depilogue.o(.text)
    _dsqrt                                   0x080009e3   Thumb Code   162  dsqrt.o(.text)
    __scatterload                            0x08000a85   Thumb Code    28  init.o(.text)
    __scatterload_rt2                        0x08000a85   Thumb Code     0  init.o(.text)
    BusFault_Handler                         0x08000aa9   Thumb Code     4  stm32f10x_it.o(i.BusFault_Handler)
    ChassisCalculate                         0x08000aad   Thumb Code   752  chassis.o(i.ChassisCalculate)
    ChassisMotor1_SetCompare                 0x08000dad   Thumb Code    14  bsp_motortim.o(i.ChassisMotor1_SetCompare)
    ChassisMotor2_SetCompare                 0x08000dc1   Thumb Code    14  bsp_motortim.o(i.ChassisMotor2_SetCompare)
    ChassisMotor3_SetCompare                 0x08000dd5   Thumb Code    14  bsp_motortim.o(i.ChassisMotor3_SetCompare)
    ChassisMotor4_SetCompare                 0x08000de9   Thumb Code    14  bsp_motortim.o(i.ChassisMotor4_SetCompare)
    ChassisPWM_Init                          0x08000dfd   Thumb Code   218  bsp_motortim.o(i.ChassisPWM_Init)
    Chassis_GPIOInit                         0x08000ee1   Thumb Code   284  chassis.o(i.Chassis_GPIOInit)
    Chassis_Init                             0x08001005   Thumb Code   150  chassis.o(i.Chassis_Init)
    Chassis_PIDCalc                          0x080010bd   Thumb Code   530  chassis.o(i.Chassis_PIDCalc)
    Chassis_ReadEncoder                      0x080012e5   Thumb Code   156  bsp_chassisencoder.o(i.Chassis_ReadEncoder)
    Chassis_Task                             0x08001391   Thumb Code   132  chassis.o(i.Chassis_Task)
    Chassis_fdb                              0x0800141d   Thumb Code   128  chassis.o(i.Chassis_fdb)
    DebugMon_Handler                         0x080014a1   Thumb Code     2  stm32f10x_it.o(i.DebugMon_Handler)
    Delay_ms                                 0x080014a3   Thumb Code    24  delay_z.o(i.Delay_ms)
    Delay_s                                  0x080014bb   Thumb Code    24  delay_z.o(i.Delay_s)
    Delay_us                                 0x080014d3   Thumb Code    46  delay_z.o(i.Delay_us)
    FirmwareSize                             0x08001501   Thumb Code     6  vi530x_firmware.o(i.FirmwareSize)
    GPIO_Init                                0x08001507   Thumb Code   278  stm32f10x_gpio.o(i.GPIO_Init)
    GPIO_PinRemapConfig                      0x0800161d   Thumb Code   138  stm32f10x_gpio.o(i.GPIO_PinRemapConfig)
    GPIO_ReadInputDataBit                    0x080016ad   Thumb Code    18  stm32f10x_gpio.o(i.GPIO_ReadInputDataBit)
    GPIO_ResetBits                           0x080016bf   Thumb Code     4  stm32f10x_gpio.o(i.GPIO_ResetBits)
    GPIO_SetBits                             0x080016c3   Thumb Code     4  stm32f10x_gpio.o(i.GPIO_SetBits)
    GPIO_WriteBit                            0x080016c7   Thumb Code    10  stm32f10x_gpio.o(i.GPIO_WriteBit)
    Get_VI530x_Download_Firmware_Status      0x080016d1   Thumb Code    50  vi530x_firmware.o(i.Get_VI530x_Download_Firmware_Status)
    HardFault_Handler                        0x08001703   Thumb Code     4  stm32f10x_it.o(i.HardFault_Handler)
    MemManage_Handler                        0x08001e0d   Thumb Code     4  stm32f10x_it.o(i.MemManage_Handler)
    MotorPID_Init                            0x08001e11   Thumb Code   120  chassis.o(i.MotorPID_Init)
    Motor_Control                            0x08001ea5   Thumb Code    40  chassis.o(i.Motor_Control)
    Motor_Turn                               0x08001ecd   Thumb Code   200  chassis.o(i.Motor_Turn)
    MyUART_Init                              0x08002025   Thumb Code   154  uart_z.o(i.MyUART_Init)
    NMI_Handler                              0x080020c9   Thumb Code     2  stm32f10x_it.o(i.NMI_Handler)
    NVIC_Init                                0x080020cd   Thumb Code   100  misc.o(i.NVIC_Init)
    NVIC_PriorityGroupConfig                 0x0800213d   Thumb Code    10  misc.o(i.NVIC_PriorityGroupConfig)
    OLED_Clear                               0x08002151   Thumb Code    42  oled.o(i.OLED_Clear)
    OLED_Init                                0x08002219   Thumb Code    82  oled.o(i.OLED_Init)
    OLED_ShowChar                            0x080022a9   Thumb Code   110  oled.o(i.OLED_ShowChar)
    OLED_Show_u32                            0x0800231d   Thumb Code    68  oled.o(i.OLED_Show_u32)
    PID_Calc                                 0x080023a1   Thumb Code   212  pid.o(i.PID_Calc)
    PID_Limit                                0x08002475   Thumb Code    86  pid.o(i.PID_Limit)
    PS2_Init                                 0x080024cb   Thumb Code     8  ps2.o(i.PS2_Init)
    PendSV_Handler                           0x080024d3   Thumb Code     2  stm32f10x_it.o(i.PendSV_Handler)
    RCC_APB1PeriphClockCmd                   0x080024d5   Thumb Code    26  stm32f10x_rcc.o(i.RCC_APB1PeriphClockCmd)
    RCC_APB2PeriphClockCmd                   0x080024f5   Thumb Code    26  stm32f10x_rcc.o(i.RCC_APB2PeriphClockCmd)
    RCC_GetClocksFreq                        0x08002515   Thumb Code   192  stm32f10x_rcc.o(i.RCC_GetClocksFreq)
    SVC_Handler                              0x08002639   Thumb Code     2  stm32f10x_it.o(i.SVC_Handler)
    SysTick_Handler                          0x08002725   Thumb Code     2  stm32f10x_it.o(i.SysTick_Handler)
    SystemInit                               0x08002729   Thumb Code    78  system_stm32f10x.o(i.SystemInit)
    TIM6_IRQHandler                          0x080029c9   Thumb Code   606  chassis.o(i.TIM6_IRQHandler)
    TIM6_Init                                0x08002c39   Thumb Code    94  bsp_chassisencoder.o(i.TIM6_Init)
    TIM_BDTRConfig                           0x08002c9d   Thumb Code    32  stm32f10x_tim.o(i.TIM_BDTRConfig)
    TIM_BDTRStructInit                       0x08002cbd   Thumb Code    18  stm32f10x_tim.o(i.TIM_BDTRStructInit)
    TIM_ClearITPendingBit                    0x08002ccf   Thumb Code     6  stm32f10x_tim.o(i.TIM_ClearITPendingBit)
    TIM_Cmd                                  0x08002cd5   Thumb Code    24  stm32f10x_tim.o(i.TIM_Cmd)
    TIM_CtrlPWMOutputs                       0x08002ced   Thumb Code    30  stm32f10x_tim.o(i.TIM_CtrlPWMOutputs)
    TIM_EncoderInterfaceConfig               0x08002d0b   Thumb Code    66  stm32f10x_tim.o(i.TIM_EncoderInterfaceConfig)
    TIM_GetCounter                           0x08002d4d   Thumb Code     6  stm32f10x_tim.o(i.TIM_GetCounter)
    TIM_GetITStatus                          0x08002d53   Thumb Code    34  stm32f10x_tim.o(i.TIM_GetITStatus)
    TIM_ICInit                               0x08002d75   Thumb Code   150  stm32f10x_tim.o(i.TIM_ICInit)
    TIM_ICStructInit                         0x08002e21   Thumb Code    18  stm32f10x_tim.o(i.TIM_ICStructInit)
    TIM_ITConfig                             0x08002e33   Thumb Code    18  stm32f10x_tim.o(i.TIM_ITConfig)
    TIM_OC1Init                              0x08002e45   Thumb Code   132  stm32f10x_tim.o(i.TIM_OC1Init)
    TIM_OC2Init                              0x08002edd   Thumb Code   154  stm32f10x_tim.o(i.TIM_OC2Init)
    TIM_OC3Init                              0x08002f81   Thumb Code   150  stm32f10x_tim.o(i.TIM_OC3Init)
    TIM_OC4Init                              0x08003021   Thumb Code   114  stm32f10x_tim.o(i.TIM_OC4Init)
    TIM_OCStructInit                         0x0800309d   Thumb Code    20  stm32f10x_tim.o(i.TIM_OCStructInit)
    TIM_SetCompare1                          0x080030b1   Thumb Code     4  stm32f10x_tim.o(i.TIM_SetCompare1)
    TIM_SetCompare2                          0x080030b5   Thumb Code     4  stm32f10x_tim.o(i.TIM_SetCompare2)
    TIM_SetCompare3                          0x080030b9   Thumb Code     4  stm32f10x_tim.o(i.TIM_SetCompare3)
    TIM_SetCompare4                          0x080030bd   Thumb Code     6  stm32f10x_tim.o(i.TIM_SetCompare4)
    TIM_SetCounter                           0x080030c3   Thumb Code     4  stm32f10x_tim.o(i.TIM_SetCounter)
    TIM_SetIC1Prescaler                      0x080030c7   Thumb Code    18  stm32f10x_tim.o(i.TIM_SetIC1Prescaler)
    TIM_SetIC2Prescaler                      0x080030d9   Thumb Code    26  stm32f10x_tim.o(i.TIM_SetIC2Prescaler)
    TIM_SetIC3Prescaler                      0x080030f3   Thumb Code    18  stm32f10x_tim.o(i.TIM_SetIC3Prescaler)
    TIM_SetIC4Prescaler                      0x08003105   Thumb Code    26  stm32f10x_tim.o(i.TIM_SetIC4Prescaler)
    TIM_TimeBaseInit                         0x08003121   Thumb Code   122  stm32f10x_tim.o(i.TIM_TimeBaseInit)
    UART5_IRQHandler                         0x080031c5   Thumb Code   134  uart_z.o(i.UART5_IRQHandler)
    USART_ClearFlag                          0x08003261   Thumb Code    18  stm32f10x_usart.o(i.USART_ClearFlag)
    USART_Cmd                                0x08003273   Thumb Code    24  stm32f10x_usart.o(i.USART_Cmd)
    USART_GetITStatus                        0x0800328b   Thumb Code    84  stm32f10x_usart.o(i.USART_GetITStatus)
    USART_ITConfig                           0x080032df   Thumb Code    74  stm32f10x_usart.o(i.USART_ITConfig)
    USART_Init                               0x08003329   Thumb Code   210  stm32f10x_usart.o(i.USART_Init)
    USART_ReceiveData                        0x08003401   Thumb Code    10  stm32f10x_usart.o(i.USART_ReceiveData)
    UsageFault_Handler                       0x0800340b   Thumb Code     4  stm32f10x_it.o(i.UsageFault_Handler)
    VI530xWriteCommand                       0x0800340f   Thumb Code    20  vi530x_api.o(i.VI530xWriteCommand)
    VI530x_Bvd_Add                           0x08003423   Thumb Code   166  vi530x_system_data.o(i.VI530x_Bvd_Add)
    VI530x_Calculate_Confidence              0x080034c9   Thumb Code   710  vi530x_algorithm.o(i.VI530x_Calculate_Confidence)
    VI530x_Chip_Init                         0x080037a1   Thumb Code    66  vi530x_api.o(i.VI530x_Chip_Init)
    VI530x_Chip_Register_Init                0x080037ed   Thumb Code   268  vi530x_api.o(i.VI530x_Chip_Register_Init)
    VI530x_Clear_Interrupt                   0x080038fd   Thumb Code    26  vi530x_api.o(i.VI530x_Clear_Interrupt)
    VI530x_Download_Firmware                 0x0800391d   Thumb Code   148  vi530x_firmware.o(i.VI530x_Download_Firmware)
    VI530x_Get_And_Clear_Interrupt           0x080039b1   Thumb Code    66  vi530x_api.o(i.VI530x_Get_And_Clear_Interrupt)
    VI530x_Get_Measure_Data                  0x080039fd   Thumb Code   274  vi530x_api.o(i.VI530x_Get_Measure_Data)
    VI530x_Set_Californiation_Data           0x08003b19   Thumb Code    52  vi530x_api.o(i.VI530x_Set_Californiation_Data)
    VI530x_Set_Digital_Clock_Dutycycle       0x08003b51   Thumb Code    36  vi530x_api.o(i.VI530x_Set_Digital_Clock_Dutycycle)
    VI530x_Set_Integralcounts_Frame          0x08003b75   Thumb Code    92  vi530x_system_data.o(i.VI530x_Set_Integralcounts_Frame)
    VI530x_Set_ModelChangeAddr               0x08003bd9   Thumb Code    82  vi530x_api.o(i.VI530x_Set_ModelChangeAddr)
    VI530x_Set_Sys_CG_Maxratio               0x08003c31   Thumb Code    76  vi530x_system_data.o(i.VI530x_Set_Sys_CG_Maxratio)
    VI530x_Set_Sys_DelayTime                 0x08003c7d   Thumb Code    78  vi530x_system_data.o(i.VI530x_Set_Sys_DelayTime)
    VI530x_Set_Sys_Integral_Time             0x08003ccb   Thumb Code    98  vi530x_system_data.o(i.VI530x_Set_Sys_Integral_Time)
    VI530x_Set_Sys_Reftof                    0x08003d2d   Thumb Code    86  vi530x_system_data.o(i.VI530x_Set_Sys_Reftof)
    VI530x_Set_Sys_Temperature_Enable        0x08003d83   Thumb Code    76  vi530x_system_data.o(i.VI530x_Set_Sys_Temperature_Enable)
    VI530x_Set_Sys_Xtalk_Position            0x08003dcf   Thumb Code    76  vi530x_system_data.o(i.VI530x_Set_Sys_Xtalk_Position)
    VI530x_Start_Continue_Ranging_Cmd        0x08003e1b   Thumb Code    44  vi530x_api.o(i.VI530x_Start_Continue_Ranging_Cmd)
    VI530x_V10_Calculate_Pileup_Bias         0x08003e49   Thumb Code   130  vi530x_algorithm.o(i.VI530x_V10_Calculate_Pileup_Bias)
    VI530x_Wait_For_CPU_Ready                0x08003edd   Thumb Code    60  vi530x_api.o(i.VI530x_Wait_For_CPU_Ready)
    VI530x_Write_Firmware_Post_Config        0x08003f19   Thumb Code    98  vi530x_firmware.o(i.VI530x_Write_Firmware_Post_Config)
    VI530x_Write_Firmware_PreConfig          0x08003f81   Thumb Code   118  vi530x_firmware.o(i.VI530x_Write_Firmware_PreConfig)
    VL5300_Demo                              0x08004149   Thumb Code   148  vl5300_demo.o(i.VL5300_Demo)
    VL5300_GetDataSetPoint                   0x080041dd   Thumb Code     4  vl5300.o(i.VL5300_GetDataSetPoint)
    VL5300_Init                              0x080041e5   Thumb Code    94  vl5300.o(i.VL5300_Init)
    VL5300_ReadData                          0x08004249   Thumb Code   162  vl5300.o(i.VL5300_ReadData)
    __scatterload_copy                       0x080042fd   Thumb Code    14  handlers.o(i.__scatterload_copy)
    __scatterload_null                       0x0800430b   Thumb Code     2  handlers.o(i.__scatterload_null)
    __scatterload_zeroinit                   0x0800430d   Thumb Code    14  handlers.o(i.__scatterload_zeroinit)
    __set_errno                              0x0800431d   Thumb Code     6  errno.o(i.__set_errno)
    bsp_ChassisEncoder1_Init                 0x08004329   Thumb Code   172  bsp_chassisencoder.o(i.bsp_ChassisEncoder1_Init)
    bsp_ChassisEncoder2_Init                 0x080043dd   Thumb Code   198  bsp_chassisencoder.o(i.bsp_ChassisEncoder2_Init)
    bsp_ChassisEncoder3_Init                 0x080044b5   Thumb Code   158  bsp_chassisencoder.o(i.bsp_ChassisEncoder3_Init)
    bsp_ChassisEncoder4_Init                 0x08004561   Thumb Code   144  bsp_chassisencoder.o(i.bsp_ChassisEncoder4_Init)
    bsp_ChassisEncoder_Init                  0x080045f9   Thumb Code    20  bsp_chassisencoder.o(i.bsp_ChassisEncoder_Init)
    main                                     0x0800460d   Thumb Code    36  main.o(i.main)
    myabs                                    0x08004631   Thumb Code    14  chassis.o(i.myabs)
    sqrt                                     0x0800463f   Thumb Code    76  sqrt.o(i.sqrt)
    OLED_F8x16                               0x0800468a   Data        1520  oled.o(.constdata)
    VI5300_M31_firmware_buff                 0x08004cf4   Data        8192  vi530x_firmware.o(.constdata)
    Region$$Table$$Base                      0x08006cf4   Number         0  anon$$obj.o(Region$$Table)
    Region$$Table$$Limit                     0x08006d14   Number         0  anon$$obj.o(Region$$Table)
    VI530x_GPIO_Interrupt_status             0x20000017   Data           1  vi530x_api.o(.data)
    VI530x_IIC_Dev_Addr_Now                  0x20000018   Data           1  vi530x_api.o(.data)
    VI530x_Chip_Version                      0x20000019   Data           1  vi530x_api.o(.data)
    Data                                     0x2000001c   Data           4  chassis.o(.data)
    Laser_Data                               0x20000020   Data           4  chassis.o(.data)
    Motor_Kp                                 0x20000024   Data          20  chassis.o(.data)
    Motor_Ki                                 0x20000038   Data          20  chassis.o(.data)
    Motor_Kd                                 0x2000004c   Data          20  chassis.o(.data)
    flag                                     0x20000060   Data           4  chassis.o(.data)
    textnum                                  0x20000064   Data           4  chassis.o(.data)
    chassis_ctrl                             0x20000068   Data           1  chassis.o(.data)
    CNTmode                                  0x2000006c   Data           4  chassis.o(.data)
    textcoder                                0x20000070   Data           4  bsp_chassisencoder.o(.data)
    VI530x_Cali_Data                         0x20000140   Data          24  vi530x_api.o(.bss)
    ChassisMotor                             0x20000158   Data         212  chassis.o(.bss)
    Chassis_PID                              0x2000022c   Data         360  chassis.o(.bss)
    __initial_sp                             0x20000868   Data           0  startup_stm32f10x_hd.o(STACK)



==============================================================================

Memory Map of the image

  Image Entry point : 0x08000131

  Load Region LR_IROM1 (Base: 0x08000000, Size: 0x00006d8c, Max: 0x00040000, ABSOLUTE)

    Execution Region ER_IROM1 (Exec base: 0x08000000, Load base: 0x08000000, Size: 0x00006d14, Max: 0x00040000, ABSOLUTE)

    Exec Addr    Load Addr    Size         Type   Attr      Idx    E Section Name        Object

    0x08000000   0x08000000   0x00000130   Data   RO          132    RESET               startup_stm32f10x_hd.o
    0x08000130   0x08000130   0x00000000   Code   RO         4676  * .ARM.Collect$$$$00000000  mc_w.l(entry.o)
    0x08000130   0x08000130   0x00000004   Code   RO         4986    .ARM.Collect$$$$00000001  mc_w.l(entry2.o)
    0x08000134   0x08000134   0x00000004   Code   RO         4989    .ARM.Collect$$$$00000004  mc_w.l(entry5.o)
    0x08000138   0x08000138   0x00000000   Code   RO         4991    .ARM.Collect$$$$00000008  mc_w.l(entry7b.o)
    0x08000138   0x08000138   0x00000000   Code   RO         4993    .ARM.Collect$$$$0000000A  mc_w.l(entry8b.o)
    0x08000138   0x08000138   0x00000008   Code   RO         4994    .ARM.Collect$$$$0000000B  mc_w.l(entry9a.o)
    0x08000140   0x08000140   0x00000000   Code   RO         4996    .ARM.Collect$$$$0000000D  mc_w.l(entry10a.o)
    0x08000140   0x08000140   0x00000000   Code   RO         4998    .ARM.Collect$$$$0000000F  mc_w.l(entry11a.o)
    0x08000140   0x08000140   0x00000004   Code   RO         4987    .ARM.Collect$$$$00002712  mc_w.l(entry2.o)
    0x08000144   0x08000144   0x00000024   Code   RO          133    .text               startup_stm32f10x_hd.o
    0x08000168   0x08000168   0x00000024   Code   RO         4679    .text               mc_w.l(memcpya.o)
    0x0800018c   0x0800018c   0x00000024   Code   RO         4681    .text               mc_w.l(memseta.o)
    0x080001b0   0x080001b0   0x000000b0   Code   RO         4946    .text               mf_w.l(fadd.o)
    0x08000260   0x08000260   0x00000064   Code   RO         4948    .text               mf_w.l(fmul.o)
    0x080002c4   0x080002c4   0x0000007c   Code   RO         4950    .text               mf_w.l(fdiv.o)
    0x08000340   0x08000340   0x0000014e   Code   RO         4952    .text               mf_w.l(dadd.o)
    0x0800048e   0x0800048e   0x000000e4   Code   RO         4954    .text               mf_w.l(dmul.o)
    0x08000572   0x08000572   0x000000de   Code   RO         4956    .text               mf_w.l(ddiv.o)
    0x08000650   0x08000650   0x00000012   Code   RO         4958    .text               mf_w.l(fflti.o)
    0x08000662   0x08000662   0x0000000a   Code   RO         4960    .text               mf_w.l(ffltui.o)
    0x0800066c   0x0800066c   0x00000022   Code   RO         4962    .text               mf_w.l(dflti.o)
    0x0800068e   0x0800068e   0x0000001a   Code   RO         4964    .text               mf_w.l(dfltui.o)
    0x080006a8   0x080006a8   0x00000032   Code   RO         4966    .text               mf_w.l(ffixi.o)
    0x080006da   0x080006da   0x00000028   Code   RO         4968    .text               mf_w.l(ffixui.o)
    0x08000702   0x08000702   0x0000003e   Code   RO         4970    .text               mf_w.l(dfixi.o)
    0x08000740   0x08000740   0x00000032   Code   RO         4972    .text               mf_w.l(dfixui.o)
    0x08000772   0x08000772   0x00000026   Code   RO         4974    .text               mf_w.l(f2d.o)
    0x08000798   0x08000798   0x00000030   Code   RO         4976    .text               mf_w.l(cdcmple.o)
    0x080007c8   0x080007c8   0x00000030   Code   RO         4978    .text               mf_w.l(cdrcmple.o)
    0x080007f8   0x080007f8   0x00000038   Code   RO         4980    .text               mf_w.l(d2f.o)
    0x08000830   0x08000830   0x00000014   Code   RO         4982    .text               mf_w.l(cfcmple.o)
    0x08000844   0x08000844   0x00000014   Code   RO         4984    .text               mf_w.l(cfrcmple.o)
    0x08000858   0x08000858   0x0000001e   Code   RO         5005    .text               mc_w.l(llshl.o)
    0x08000876   0x08000876   0x00000020   Code   RO         5007    .text               mc_w.l(llushr.o)
    0x08000896   0x08000896   0x00000024   Code   RO         5009    .text               mc_w.l(llsshr.o)
    0x080008ba   0x080008ba   0x00000000   Code   RO         5018    .text               mc_w.l(iusefp.o)
    0x080008ba   0x080008ba   0x0000006e   Code   RO         5019    .text               mf_w.l(fepilogue.o)
    0x08000928   0x08000928   0x000000ba   Code   RO         5021    .text               mf_w.l(depilogue.o)
    0x080009e2   0x080009e2   0x000000a2   Code   RO         5023    .text               mf_w.l(dsqrt.o)
    0x08000a84   0x08000a84   0x00000024   Code   RO         5027    .text               mc_w.l(init.o)
    0x08000aa8   0x08000aa8   0x00000004   Code   RO         4319    i.BusFault_Handler  stm32f10x_it.o
    0x08000aac   0x08000aac   0x00000300   Code   RO         4382    i.ChassisCalculate  chassis.o
    0x08000dac   0x08000dac   0x00000014   Code   RO         4596    i.ChassisMotor1_SetCompare  bsp_motortim.o
    0x08000dc0   0x08000dc0   0x00000014   Code   RO         4597    i.ChassisMotor2_SetCompare  bsp_motortim.o
    0x08000dd4   0x08000dd4   0x00000014   Code   RO         4598    i.ChassisMotor3_SetCompare  bsp_motortim.o
    0x08000de8   0x08000de8   0x00000014   Code   RO         4599    i.ChassisMotor4_SetCompare  bsp_motortim.o
    0x08000dfc   0x08000dfc   0x000000e4   Code   RO         4600    i.ChassisPWM_Init   bsp_motortim.o
    0x08000ee0   0x08000ee0   0x00000124   Code   RO         4385    i.Chassis_GPIOInit  chassis.o
    0x08001004   0x08001004   0x000000b8   Code   RO         4386    i.Chassis_Init      chassis.o
    0x080010bc   0x080010bc   0x00000228   Code   RO         4387    i.Chassis_PIDCalc   chassis.o
    0x080012e4   0x080012e4   0x000000ac   Code   RO         4542    i.Chassis_ReadEncoder  bsp_chassisencoder.o
    0x08001390   0x08001390   0x0000008c   Code   RO         4389    i.Chassis_Task      chassis.o
    0x0800141c   0x0800141c   0x00000084   Code   RO         4390    i.Chassis_fdb       chassis.o
    0x080014a0   0x080014a0   0x00000002   Code   RO         4320    i.DebugMon_Handler  stm32f10x_it.o
    0x080014a2   0x080014a2   0x00000018   Code   RO         3196    i.Delay_ms          delay_z.o
    0x080014ba   0x080014ba   0x00000018   Code   RO         3198    i.Delay_s           delay_z.o
    0x080014d2   0x080014d2   0x0000002e   Code   RO         3199    i.Delay_us          delay_z.o
    0x08001500   0x08001500   0x00000006   Code   RO         3966    i.FirmwareSize      vi530x_firmware.o
    0x08001506   0x08001506   0x00000116   Code   RO         1347    i.GPIO_Init         stm32f10x_gpio.o
    0x0800161c   0x0800161c   0x00000090   Code   RO         1349    i.GPIO_PinRemapConfig  stm32f10x_gpio.o
    0x080016ac   0x080016ac   0x00000012   Code   RO         1351    i.GPIO_ReadInputDataBit  stm32f10x_gpio.o
    0x080016be   0x080016be   0x00000004   Code   RO         1354    i.GPIO_ResetBits    stm32f10x_gpio.o
    0x080016c2   0x080016c2   0x00000004   Code   RO         1355    i.GPIO_SetBits      stm32f10x_gpio.o
    0x080016c6   0x080016c6   0x0000000a   Code   RO         1358    i.GPIO_WriteBit     stm32f10x_gpio.o
    0x080016d0   0x080016d0   0x00000032   Code   RO         3967    i.Get_VI530x_Download_Firmware_Status  vi530x_firmware.o
    0x08001702   0x08001702   0x00000004   Code   RO         4321    i.HardFault_Handler  stm32f10x_it.o
    0x08001706   0x08001706   0x0000004e   Code   RO         3796    i.I2C_ConsecutiveRead  vi530x_api.o
    0x08001754   0x08001754   0x0000004e   Code   RO         3968    i.I2C_ConsecutiveRead  vi530x_firmware.o
    0x080017a2   0x080017a2   0x0000004e   Code   RO         4063    i.I2C_ConsecutiveRead  vi530x_system_data.o
    0x080017f0   0x080017f0   0x00000036   Code   RO         3797    i.I2C_ConsecutiveSend  vi530x_api.o
    0x08001826   0x08001826   0x00000036   Code   RO         3969    i.I2C_ConsecutiveSend  vi530x_firmware.o
    0x0800185c   0x0800185c   0x00000036   Code   RO         4064    i.I2C_ConsecutiveSend  vi530x_system_data.o
    0x08001892   0x08001892   0x00000068   Code   RO         3798    i.I2C_ReadByte      vi530x_api.o
    0x080018fa   0x080018fa   0x00000068   Code   RO         3970    i.I2C_ReadByte      vi530x_firmware.o
    0x08001962   0x08001962   0x00000068   Code   RO         4065    i.I2C_ReadByte      vi530x_system_data.o
    0x080019ca   0x080019ca   0x00000002   PAD
    0x080019cc   0x080019cc   0x00000018   Code   RO         3231    i.I2C_SCL_Write     oled.o
    0x080019e4   0x080019e4   0x00000018   Code   RO         3541    i.I2C_SCL_Write     vl5300.o
    0x080019fc   0x080019fc   0x00000018   Code   RO         3799    i.I2C_SCL_Write     vi530x_api.o
    0x08001a14   0x08001a14   0x00000018   Code   RO         3971    i.I2C_SCL_Write     vi530x_firmware.o
    0x08001a2c   0x08001a2c   0x00000018   Code   RO         4066    i.I2C_SCL_Write     vi530x_system_data.o
    0x08001a44   0x08001a44   0x00000014   Code   RO         3232    i.I2C_SDA_Read      oled.o
    0x08001a58   0x08001a58   0x00000014   Code   RO         3800    i.I2C_SDA_Read      vi530x_api.o
    0x08001a6c   0x08001a6c   0x00000014   Code   RO         3972    i.I2C_SDA_Read      vi530x_firmware.o
    0x08001a80   0x08001a80   0x00000014   Code   RO         4067    i.I2C_SDA_Read      vi530x_system_data.o
    0x08001a94   0x08001a94   0x00000018   Code   RO         3233    i.I2C_SDA_Write     oled.o
    0x08001aac   0x08001aac   0x00000018   Code   RO         3543    i.I2C_SDA_Write     vl5300.o
    0x08001ac4   0x08001ac4   0x00000018   Code   RO         3801    i.I2C_SDA_Write     vi530x_api.o
    0x08001adc   0x08001adc   0x00000018   Code   RO         3973    i.I2C_SDA_Write     vi530x_firmware.o
    0x08001af4   0x08001af4   0x00000018   Code   RO         4068    i.I2C_SDA_Write     vi530x_system_data.o
    0x08001b0c   0x08001b0c   0x00000048   Code   RO         3234    i.I2C_SendByte      oled.o
    0x08001b54   0x08001b54   0x00000048   Code   RO         3802    i.I2C_SendByte      vi530x_api.o
    0x08001b9c   0x08001b9c   0x00000048   Code   RO         3974    i.I2C_SendByte      vi530x_firmware.o
    0x08001be4   0x08001be4   0x00000048   Code   RO         4069    i.I2C_SendByte      vi530x_system_data.o
    0x08001c2c   0x08001c2c   0x00000016   Code   RO         3803    i.I2C_SingleRead    vi530x_api.o
    0x08001c42   0x08001c42   0x00000016   Code   RO         3975    i.I2C_SingleRead    vi530x_firmware.o
    0x08001c58   0x08001c58   0x00000016   Code   RO         4070    i.I2C_SingleRead    vi530x_system_data.o
    0x08001c6e   0x08001c6e   0x00000014   Code   RO         3804    i.I2C_SingleSend    vi530x_api.o
    0x08001c82   0x08001c82   0x00000014   Code   RO         3976    i.I2C_SingleSend    vi530x_firmware.o
    0x08001c96   0x08001c96   0x00000014   Code   RO         4071    i.I2C_SingleSend    vi530x_system_data.o
    0x08001caa   0x08001caa   0x0000001c   Code   RO         3235    i.I2C_Start         oled.o
    0x08001cc6   0x08001cc6   0x0000001c   Code   RO         3805    i.I2C_Start         vi530x_api.o
    0x08001ce2   0x08001ce2   0x0000001c   Code   RO         3977    i.I2C_Start         vi530x_firmware.o
    0x08001cfe   0x08001cfe   0x0000001c   Code   RO         4072    i.I2C_Start         vi530x_system_data.o
    0x08001d1a   0x08001d1a   0x00000016   Code   RO         3236    i.I2C_Stop          oled.o
    0x08001d30   0x08001d30   0x00000016   Code   RO         3548    i.I2C_Stop          vl5300.o
    0x08001d46   0x08001d46   0x00000016   Code   RO         3806    i.I2C_Stop          vi530x_api.o
    0x08001d5c   0x08001d5c   0x00000016   Code   RO         3978    i.I2C_Stop          vi530x_firmware.o
    0x08001d72   0x08001d72   0x00000016   Code   RO         4073    i.I2C_Stop          vi530x_system_data.o
    0x08001d88   0x08001d88   0x00000084   Code   RO         3549    i.MCU_XSH_Pin_Init  vl5300.o
    0x08001e0c   0x08001e0c   0x00000004   Code   RO         4322    i.MemManage_Handler  stm32f10x_it.o
    0x08001e10   0x08001e10   0x00000094   Code   RO         4392    i.MotorPID_Init     chassis.o
    0x08001ea4   0x08001ea4   0x00000028   Code   RO         4393    i.Motor_Control     chassis.o
    0x08001ecc   0x08001ecc   0x000000c8   Code   RO         4394    i.Motor_Turn        chassis.o
    0x08001f94   0x08001f94   0x00000090   Code   RO         3377    i.MySPI_Init        ps2.o
    0x08002024   0x08002024   0x000000a4   Code   RO         3493    i.MyUART_Init       uart_z.o
    0x080020c8   0x080020c8   0x00000002   Code   RO         4323    i.NMI_Handler       stm32f10x_it.o
    0x080020ca   0x080020ca   0x00000002   PAD
    0x080020cc   0x080020cc   0x00000070   Code   RO          137    i.NVIC_Init         misc.o
    0x0800213c   0x0800213c   0x00000014   Code   RO          138    i.NVIC_PriorityGroupConfig  misc.o
    0x08002150   0x08002150   0x0000002a   Code   RO         3237    i.OLED_Clear        oled.o
    0x0800217a   0x0800217a   0x0000009e   Code   RO         3238    i.OLED_HW_Init      oled.o
    0x08002218   0x08002218   0x00000058   Code   RO         3239    i.OLED_Init         oled.o
    0x08002270   0x08002270   0x00000014   Code   RO         3240    i.OLED_Pow          oled.o
    0x08002284   0x08002284   0x00000022   Code   RO         3241    i.OLED_SetCursor    oled.o
    0x080022a6   0x080022a6   0x00000002   PAD
    0x080022a8   0x080022a8   0x00000074   Code   RO         3243    i.OLED_ShowChar     oled.o
    0x0800231c   0x0800231c   0x00000044   Code   RO         3247    i.OLED_Show_u32     oled.o
    0x08002360   0x08002360   0x00000020   Code   RO         3248    i.OLED_WriteCommand  oled.o
    0x08002380   0x08002380   0x00000020   Code   RO         3249    i.OLED_WriteData    oled.o
    0x080023a0   0x080023a0   0x000000d4   Code   RO         4503    i.PID_Calc          pid.o
    0x08002474   0x08002474   0x00000056   Code   RO         4507    i.PID_Limit         pid.o
    0x080024ca   0x080024ca   0x00000008   Code   RO         3379    i.PS2_Init          ps2.o
    0x080024d2   0x080024d2   0x00000002   Code   RO         4324    i.PendSV_Handler    stm32f10x_it.o
    0x080024d4   0x080024d4   0x00000020   Code   RO         1775    i.RCC_APB1PeriphClockCmd  stm32f10x_rcc.o
    0x080024f4   0x080024f4   0x00000020   Code   RO         1777    i.RCC_APB2PeriphClockCmd  stm32f10x_rcc.o
    0x08002514   0x08002514   0x000000d4   Code   RO         1785    i.RCC_GetClocksFreq  stm32f10x_rcc.o
    0x080025e8   0x080025e8   0x00000020   Code   RO         3381    i.SPI_CLK_Write     ps2.o
    0x08002608   0x08002608   0x00000020   Code   RO         3382    i.SPI_CS_Write      ps2.o
    0x08002628   0x08002628   0x00000010   Code   RO         3384    i.SPI_Stop          ps2.o
    0x08002638   0x08002638   0x00000002   Code   RO         4325    i.SVC_Handler       stm32f10x_it.o
    0x0800263a   0x0800263a   0x00000008   Code   RO           17    i.SetSysClock       system_stm32f10x.o
    0x08002642   0x08002642   0x00000002   PAD
    0x08002644   0x08002644   0x000000e0   Code   RO           18    i.SetSysClockTo72   system_stm32f10x.o
    0x08002724   0x08002724   0x00000002   Code   RO         4326    i.SysTick_Handler   stm32f10x_it.o
    0x08002726   0x08002726   0x00000002   PAD
    0x08002728   0x08002728   0x00000060   Code   RO           20    i.SystemInit        system_stm32f10x.o
    0x08002788   0x08002788   0x00000080   Code   RO         2405    i.TI1_Config        stm32f10x_tim.o
    0x08002808   0x08002808   0x00000098   Code   RO         2406    i.TI2_Config        stm32f10x_tim.o
    0x080028a0   0x080028a0   0x00000090   Code   RO         2407    i.TI3_Config        stm32f10x_tim.o
    0x08002930   0x08002930   0x00000098   Code   RO         2408    i.TI4_Config        stm32f10x_tim.o
    0x080029c8   0x080029c8   0x00000270   Code   RO         4395    i.TIM6_IRQHandler   chassis.o
    0x08002c38   0x08002c38   0x00000064   Code   RO         4543    i.TIM6_Init         bsp_chassisencoder.o
    0x08002c9c   0x08002c9c   0x00000020   Code   RO         2410    i.TIM_BDTRConfig    stm32f10x_tim.o
    0x08002cbc   0x08002cbc   0x00000012   Code   RO         2411    i.TIM_BDTRStructInit  stm32f10x_tim.o
    0x08002cce   0x08002cce   0x00000006   Code   RO         2416    i.TIM_ClearITPendingBit  stm32f10x_tim.o
    0x08002cd4   0x08002cd4   0x00000018   Code   RO         2421    i.TIM_Cmd           stm32f10x_tim.o
    0x08002cec   0x08002cec   0x0000001e   Code   RO         2423    i.TIM_CtrlPWMOutputs  stm32f10x_tim.o
    0x08002d0a   0x08002d0a   0x00000042   Code   RO         2430    i.TIM_EncoderInterfaceConfig  stm32f10x_tim.o
    0x08002d4c   0x08002d4c   0x00000006   Code   RO         2440    i.TIM_GetCounter    stm32f10x_tim.o
    0x08002d52   0x08002d52   0x00000022   Code   RO         2442    i.TIM_GetITStatus   stm32f10x_tim.o
    0x08002d74   0x08002d74   0x000000ac   Code   RO         2444    i.TIM_ICInit        stm32f10x_tim.o
    0x08002e20   0x08002e20   0x00000012   Code   RO         2445    i.TIM_ICStructInit  stm32f10x_tim.o
    0x08002e32   0x08002e32   0x00000012   Code   RO         2446    i.TIM_ITConfig      stm32f10x_tim.o
    0x08002e44   0x08002e44   0x00000098   Code   RO         2450    i.TIM_OC1Init       stm32f10x_tim.o
    0x08002edc   0x08002edc   0x000000a4   Code   RO         2455    i.TIM_OC2Init       stm32f10x_tim.o
    0x08002f80   0x08002f80   0x000000a0   Code   RO         2460    i.TIM_OC3Init       stm32f10x_tim.o
    0x08003020   0x08003020   0x0000007c   Code   RO         2465    i.TIM_OC4Init       stm32f10x_tim.o
    0x0800309c   0x0800309c   0x00000014   Code   RO         2468    i.TIM_OCStructInit  stm32f10x_tim.o
    0x080030b0   0x080030b0   0x00000004   Code   RO         2482    i.TIM_SetCompare1   stm32f10x_tim.o
    0x080030b4   0x080030b4   0x00000004   Code   RO         2483    i.TIM_SetCompare2   stm32f10x_tim.o
    0x080030b8   0x080030b8   0x00000004   Code   RO         2484    i.TIM_SetCompare3   stm32f10x_tim.o
    0x080030bc   0x080030bc   0x00000006   Code   RO         2485    i.TIM_SetCompare4   stm32f10x_tim.o
    0x080030c2   0x080030c2   0x00000004   Code   RO         2486    i.TIM_SetCounter    stm32f10x_tim.o
    0x080030c6   0x080030c6   0x00000012   Code   RO         2487    i.TIM_SetIC1Prescaler  stm32f10x_tim.o
    0x080030d8   0x080030d8   0x0000001a   Code   RO         2488    i.TIM_SetIC2Prescaler  stm32f10x_tim.o
    0x080030f2   0x080030f2   0x00000012   Code   RO         2489    i.TIM_SetIC3Prescaler  stm32f10x_tim.o
    0x08003104   0x08003104   0x0000001a   Code   RO         2490    i.TIM_SetIC4Prescaler  stm32f10x_tim.o
    0x0800311e   0x0800311e   0x00000002   PAD
    0x08003120   0x08003120   0x000000a4   Code   RO         2492    i.TIM_TimeBaseInit  stm32f10x_tim.o
    0x080031c4   0x080031c4   0x0000009c   Code   RO         3494    i.UART5_IRQHandler  uart_z.o
    0x08003260   0x08003260   0x00000012   Code   RO         2956    i.USART_ClearFlag   stm32f10x_usart.o
    0x08003272   0x08003272   0x00000018   Code   RO         2960    i.USART_Cmd         stm32f10x_usart.o
    0x0800328a   0x0800328a   0x00000054   Code   RO         2964    i.USART_GetITStatus  stm32f10x_usart.o
    0x080032de   0x080032de   0x0000004a   Code   RO         2966    i.USART_ITConfig    stm32f10x_usart.o
    0x08003328   0x08003328   0x000000d8   Code   RO         2967    i.USART_Init        stm32f10x_usart.o
    0x08003400   0x08003400   0x0000000a   Code   RO         2974    i.USART_ReceiveData  stm32f10x_usart.o
    0x0800340a   0x0800340a   0x00000004   Code   RO         4327    i.UsageFault_Handler  stm32f10x_it.o
    0x0800340e   0x0800340e   0x00000014   Code   RO         3807    i.VI530xWriteCommand  vi530x_api.o
    0x08003422   0x08003422   0x000000a6   Code   RO         4074    i.VI530x_Bvd_Add    vi530x_system_data.o
    0x080034c8   0x080034c8   0x000002d8   Code   RO         3695    i.VI530x_Calculate_Confidence  vi530x_algorithm.o
    0x080037a0   0x080037a0   0x0000004c   Code   RO         3808    i.VI530x_Chip_Init  vi530x_api.o
    0x080037ec   0x080037ec   0x00000110   Code   RO         3809    i.VI530x_Chip_Register_Init  vi530x_api.o
    0x080038fc   0x080038fc   0x00000020   Code   RO         3810    i.VI530x_Clear_Interrupt  vi530x_api.o
    0x0800391c   0x0800391c   0x00000094   Code   RO         3979    i.VI530x_Download_Firmware  vi530x_firmware.o
    0x080039b0   0x080039b0   0x0000004c   Code   RO         3811    i.VI530x_Get_And_Clear_Interrupt  vi530x_api.o
    0x080039fc   0x080039fc   0x0000011c   Code   RO         3813    i.VI530x_Get_Measure_Data  vi530x_api.o
    0x08003b18   0x08003b18   0x00000038   Code   RO         3816    i.VI530x_Set_Californiation_Data  vi530x_api.o
    0x08003b50   0x08003b50   0x00000024   Code   RO         3817    i.VI530x_Set_Digital_Clock_Dutycycle  vi530x_api.o
    0x08003b74   0x08003b74   0x00000064   Code   RO         4087    i.VI530x_Set_Integralcounts_Frame  vi530x_system_data.o
    0x08003bd8   0x08003bd8   0x00000058   Code   RO         3818    i.VI530x_Set_ModelChangeAddr  vi530x_api.o
    0x08003c30   0x08003c30   0x0000004c   Code   RO         4088    i.VI530x_Set_Sys_CG_Maxratio  vi530x_system_data.o
    0x08003c7c   0x08003c7c   0x0000004e   Code   RO         4090    i.VI530x_Set_Sys_DelayTime  vi530x_system_data.o
    0x08003cca   0x08003cca   0x00000062   Code   RO         4092    i.VI530x_Set_Sys_Integral_Time  vi530x_system_data.o
    0x08003d2c   0x08003d2c   0x00000056   Code   RO         4094    i.VI530x_Set_Sys_Reftof  vi530x_system_data.o
    0x08003d82   0x08003d82   0x0000004c   Code   RO         4095    i.VI530x_Set_Sys_Temperature_Enable  vi530x_system_data.o
    0x08003dce   0x08003dce   0x0000004c   Code   RO         4096    i.VI530x_Set_Sys_Xtalk_Position  vi530x_system_data.o
    0x08003e1a   0x08003e1a   0x0000002c   Code   RO         3819    i.VI530x_Start_Continue_Ranging_Cmd  vi530x_api.o
    0x08003e46   0x08003e46   0x00000002   PAD
    0x08003e48   0x08003e48   0x00000094   Code   RO         3698    i.VI530x_V10_Calculate_Pileup_Bias  vi530x_algorithm.o
    0x08003edc   0x08003edc   0x0000003c   Code   RO         3822    i.VI530x_Wait_For_CPU_Ready  vi530x_api.o
    0x08003f18   0x08003f18   0x00000068   Code   RO         3980    i.VI530x_Write_Firmware_Post_Config  vi530x_firmware.o
    0x08003f80   0x08003f80   0x00000076   Code   RO         3981    i.VI530x_Write_Firmware_PreConfig  vi530x_firmware.o
    0x08003ff6   0x08003ff6   0x00000002   PAD
    0x08003ff8   0x08003ff8   0x00000070   Code   RO         3550    i.VL5300_1_HW_Init  vl5300.o
    0x08004068   0x08004068   0x00000070   Code   RO         3551    i.VL5300_2_HW_Init  vl5300.o
    0x080040d8   0x080040d8   0x00000070   Code   RO         3552    i.VL5300_3_HW_Init  vl5300.o
    0x08004148   0x08004148   0x00000094   Code   RO         3672    i.VL5300_Demo       vl5300_demo.o
    0x080041dc   0x080041dc   0x00000008   Code   RO         3553    i.VL5300_GetDataSetPoint  vl5300.o
    0x080041e4   0x080041e4   0x00000064   Code   RO         3554    i.VL5300_Init       vl5300.o
    0x08004248   0x08004248   0x000000b4   Code   RO         3555    i.VL5300_ReadData   vl5300.o
    0x080042fc   0x080042fc   0x0000000e   Code   RO         5031    i.__scatterload_copy  mc_w.l(handlers.o)
    0x0800430a   0x0800430a   0x00000002   Code   RO         5032    i.__scatterload_null  mc_w.l(handlers.o)
    0x0800430c   0x0800430c   0x0000000e   Code   RO         5033    i.__scatterload_zeroinit  mc_w.l(handlers.o)
    0x0800431a   0x0800431a   0x00000002   PAD
    0x0800431c   0x0800431c   0x0000000c   Code   RO         5013    i.__set_errno       mc_w.l(errno.o)
    0x08004328   0x08004328   0x000000b4   Code   RO         4544    i.bsp_ChassisEncoder1_Init  bsp_chassisencoder.o
    0x080043dc   0x080043dc   0x000000d8   Code   RO         4545    i.bsp_ChassisEncoder2_Init  bsp_chassisencoder.o
    0x080044b4   0x080044b4   0x000000ac   Code   RO         4546    i.bsp_ChassisEncoder3_Init  bsp_chassisencoder.o
    0x08004560   0x08004560   0x00000098   Code   RO         4547    i.bsp_ChassisEncoder4_Init  bsp_chassisencoder.o
    0x080045f8   0x080045f8   0x00000014   Code   RO         4548    i.bsp_ChassisEncoder_Init  bsp_chassisencoder.o
    0x0800460c   0x0800460c   0x00000024   Code   RO         4268    i.main              main.o
    0x08004630   0x08004630   0x0000000e   Code   RO         4397    i.myabs             chassis.o
    0x0800463e   0x0800463e   0x0000004c   Code   RO         4669    i.sqrt              m_ws.l(sqrt.o)
    0x0800468a   0x0800468a   0x000005f0   Data   RO         3250    .constdata          oled.o
    0x08004c7a   0x08004c7a   0x00000002   PAD
    0x08004c7c   0x08004c7c   0x00000078   Data   RO         3699    .constdata          vi530x_algorithm.o
    0x08004cf4   0x08004cf4   0x00002000   Data   RO         3982    .constdata          vi530x_firmware.o
    0x08006cf4   0x08006cf4   0x00000020   Data   RO         5029    Region$$Table       anon$$obj.o


    Execution Region RW_IRAM1 (Exec base: 0x20000000, Load base: 0x08006d14, Size: 0x00000868, Max: 0x0000c000, ABSOLUTE)

    Exec Addr    Load Addr    Size         Type   Attr      Idx    E Section Name        Object

    0x20000000   0x08006d14   0x00000014   Data   RW         1805    .data               stm32f10x_rcc.o
    0x20000014   0x08006d28   0x00000003   Data   RW         3500    .data               uart_z.o
    0x20000017   0x08006d2b   0x00000003   Data   RW         3825    .data               vi530x_api.o
    0x2000001a   0x08006d2e   0x00000002   PAD
    0x2000001c   0x08006d30   0x00000054   Data   RW         4399    .data               chassis.o
    0x20000070   0x08006d84   0x00000004   Data   RW         4549    .data               bsp_chassisencoder.o
    0x20000074   0x08006d88   0x00000004   Data   RW         5014    .data               mc_w.l(errno.o)
    0x20000078        -       0x00000066   Zero   RW         3499    .bss                uart_z.o
    0x200000de   0x08006d8c   0x00000002   PAD
    0x200000e0        -       0x00000060   Zero   RW         3556    .bss                vl5300.o
    0x20000140        -       0x00000018   Zero   RW         3824    .bss                vi530x_api.o
    0x20000158        -       0x00000310   Zero   RW         4398    .bss                chassis.o
    0x20000468        -       0x00000400   Zero   RW          130    STACK               startup_stm32f10x_hd.o


==============================================================================

Image component sizes


      Code (inc. data)   RO Data    RW Data    ZI Data      Debug   Object Name

      1012         70          0          4          0       4696   bsp_chassisencoder.o
       308         34          0          0          0       2738   bsp_motortim.o
      3094        138          0         84        784      10434   chassis.o
         0          0          0          0          0       4540   core_cm3.o
        94          0          0          0          0       1416   delay_z.o
        36          0          0          0          0        967   main.o
       132         22          0          0          0     206091   misc.o
       780         30       1520          0          0       9262   oled.o
       298          0          0          0          0       1543   pid.o
       232         18          0          0          0       3095   ps2.o
        36          8        304          0       1024        772   startup_stm32f10x_hd.o
         0          0          0          0          0       1648   stm32f10x_adc.o
       458          6          0          0          0      13046   stm32f10x_gpio.o
        26          0          0          0          0       3638   stm32f10x_it.o
       276         32          0         20          0      12902   stm32f10x_rcc.o
      1894        200          0          0          0      37903   stm32f10x_tim.o
       426          6          0          0          0      11216   stm32f10x_usart.o
       328         28          0          0          0      45129   system_stm32f10x.o
         0          0          0          0          0        412   uart_demo_z.o
       320         32          0          3        102       2493   uart_z.o
       876         36        120          0          0       3833   vi530x_algorithm.o
      1512         68          0          3         24      16223   vi530x_api.o
       894         24       8192          0          0       9965   vi530x_firmware.o
      1224         26          0          0          0      11762   vi530x_system_data.o
       826         86          0          0         96      10049   vl5300.o
       148          0          0          0          0        930   vl5300_demo.o

    ----------------------------------------------------------------------
     15246        864      10170        116       2032     426703   Object Totals
         0          0         32          0          0          0   (incl. Generated)
        16          0          2          2          2          0   (incl. Padding)

    ----------------------------------------------------------------------

      Code (inc. data)   RO Data    RW Data    ZI Data      Debug   Library Member Name

        76          0          0          0          0         84   sqrt.o
         0          0          0          0          0          0   entry.o
         0          0          0          0          0          0   entry10a.o
         0          0          0          0          0          0   entry11a.o
         8          4          0          0          0          0   entry2.o
         4          0          0          0          0          0   entry5.o
         0          0          0          0          0          0   entry7b.o
         0          0          0          0          0          0   entry8b.o
         8          4          0          0          0          0   entry9a.o
        12          6          0          4          0         68   errno.o
        30          0          0          0          0          0   handlers.o
        36          8          0          0          0         68   init.o
         0          0          0          0          0          0   iusefp.o
        30          0          0          0          0         68   llshl.o
        36          0          0          0          0         68   llsshr.o
        32          0          0          0          0         68   llushr.o
        36          0          0          0          0         68   memcpya.o
        36          0          0          0          0        108   memseta.o
        48          0          0          0          0         68   cdcmple.o
        48          0          0          0          0         68   cdrcmple.o
        20          0          0          0          0         68   cfcmple.o
        20          0          0          0          0         68   cfrcmple.o
        56          0          0          0          0         88   d2f.o
       334          0          0          0          0        148   dadd.o
       222          0          0          0          0        100   ddiv.o
       186          0          0          0          0        176   depilogue.o
        62          0          0          0          0         80   dfixi.o
        50          0          0          0          0         76   dfixui.o
        34          0          0          0          0         76   dflti.o
        26          0          0          0          0         76   dfltui.o
       228          0          0          0          0         96   dmul.o
       162          0          0          0          0        100   dsqrt.o
        38          0          0          0          0         68   f2d.o
       176          0          0          0          0        140   fadd.o
       124          0          0          0          0         88   fdiv.o
       110          0          0          0          0        168   fepilogue.o
        50          0          0          0          0         68   ffixi.o
        40          0          0          0          0         68   ffixui.o
        18          0          0          0          0         68   fflti.o
        10          0          0          0          0         68   ffltui.o
       100          0          0          0          0         76   fmul.o

    ----------------------------------------------------------------------
      2508         22          0          4          0       2700   Library Totals
         2          0          0          0          0          0   (incl. Padding)

    ----------------------------------------------------------------------

      Code (inc. data)   RO Data    RW Data    ZI Data      Debug   Library Name

        76          0          0          0          0         84   m_ws.l
       268         22          0          4          0        516   mc_w.l
      2162          0          0          0          0       2100   mf_w.l

    ----------------------------------------------------------------------
      2508         22          0          4          0       2700   Library Totals

    ----------------------------------------------------------------------

==============================================================================


      Code (inc. data)   RO Data    RW Data    ZI Data      Debug   

     17754        886      10170        120       2032     418947   Grand Totals
     17754        886      10170        120       2032     418947   ELF Image Totals
     17754        886      10170        120          0          0   ROM Totals

==============================================================================

    Total RO  Size (Code + RO Data)                27924 (  27.27kB)
    Total RW  Size (RW Data + ZI Data)              2152 (   2.10kB)
    Total ROM Size (Code + RO Data + RW Data)      28044 (  27.39kB)

==============================================================================

